Last login: Mon Mar 31 19:58:17 on ttys000
tkgmac@MacBookPro ~ % cd ~/Documents
tkgmac@MacBookPro Documents % ./SBY_OST_Tool
zsh: no such file or directory: ./SBY_OST_Tool
tkgmac@MacBookPro Documents % ./SBY_OST_Tool.app 
zsh: permission denied: ./SBY_OST_Tool.app
tkgmac@MacBookPro Documents % sudo ./SBY_OST_Tool.app
Password:
sudo: ./SBY_OST_Tool.app: command not found
tkgmac@MacBookPro Documents % sudo ./SBY_OST_Tool.app
sudo: ./SBY_OST_Tool.app: command not found
tkgmac@MacBookPro Documents % ./SBY_OST_Tool.app     
zsh: permission denied: ./SBY_OST_Tool.app
tkgmac@MacBookPro Documents % cd ./SBY_OST_Tool.app/Contents/MacOS
tkgmac@MacBookPro MacOS % ls
APPLE_SILICON	SBY_OST_Tool
tkgmac@MacBookPro MacOS % ./SBY_OST_Tool
zsh: segmentation fault  ./SBY_OST_Tool
tkgmac@MacBookPro MacOS % ./SBY_OST_Tool
zsh: segmentation fault  ./SBY_OST_Tool
tkgmac@MacBookPro MacOS % cd ~/Documents                 
tkgmac@MacBookPro Documents % cd ./SBY_OST_Tool.app/Contents/MacOS
tkgmac@MacBookPro MacOS % ./SBY_OST_Tool                      
zsh: killed     ./SBY_OST_Tool
tkgmac@MacBookPro MacOS % ./SBY_OST_Tool
zsh: killed     ./SBY_OST_Tool
tkgmac@MacBookPro MacOS % ./SBY_OST_Tool
zsh: segmentation fault  ./SBY_OST_Tool
tkgmac@MacBookPro MacOS % cd ~/Documents                      
tkgmac@MacBookPro Documents % xattr -dr com.apple.quarantine "SBY_OST_Tool.app"
tkgmac@MacBookPro Documents % codesign --deep --force -s - "SBY_OST_Tool.app"
SBY_OST_Tool.app: replacing existing signature
SBY_OST_Tool.app: bundle format unrecognized, invalid, or unsuitable
In subcomponent: /Users/tkgmac/Documents/SBY_OST_Tool.app/Contents/Frameworks/Resources/resources/SBY Soundtracks/Extras/Fukashigi no Karte (Movie Ver.)
tkgmac@MacBookPro Documents % cd ./SBY_OST_Tool.app/Contents/MacOS             
tkgmac@MacBookPro MacOS % env QT_DEBUG_PLUGINS=1 QSG_INFO=1 ./SBY_OST_Tool
zsh: segmentation fault  env QT_DEBUG_PLUGINS=1 QSG_INFO=1 ./SBY_OST_Tool
tkgmac@MacBookPro MacOS % env QT_MEDIA_BACKEND=darwin QT_MULTIMEDIA_PREFERRED_PLUGINS=avfoundation QT_DEBUG_PLUGINS=1 QSG_INFO=1 ./SBY_OST_Tool
zsh: segmentation fault  env QT_MEDIA_BACKEND=darwin QT_MULTIMEDIA_PREFERRED_PLUGINS=avfoundation   
tkgmac@MacBookPro MacOS % lldb ./SBY_OST_Tool
(lldb) target create "./SBY_OST_Tool"
Current executable set to '/Users/tkgmac/Documents/SBY_OST_Tool.app/Contents/MacOS/SBY_OST_Tool' (arm64).
(lldb) run
Process 80662 launched: '/Users/tkgmac/Documents/SBY_OST_Tool.app/Contents/MacOS/SBY_OST_Tool' (arm64)
Process 80662 stopped
* thread #1, queue = 'com.apple.main-thread', stop reason = EXC_BAD_ACCESS (code=1, address=0x10)
    frame #0: 0x0000000103825fec Python`PyTuple_New + 64
Python`PyTuple_New:
->  0x103825fec <+64>: ldr    x8, [x8, #0x10]
    0x103825ff0 <+68>: sub    x9, x21, #0x1
    0x103825ff4 <+72>: add    x10, x8, x9, lsl #3
    0x103825ff8 <+76>: mov    w11, #0x1e38 ; =7736 
Target 0: (SBY_OST_Tool) stopped.
(lldb) bt
* thread #1, queue = 'com.apple.main-thread', stop reason = EXC_BAD_ACCESS (code=1, address=0x10)
  * frame #0: 0x0000000103825fec Python`PyTuple_New + 64
    frame #1: 0x000000010467a3e8 QtCore.abi3.so`msgHandlerCallback(QtMsgType, QMessageLogContext const&, QString const&) + 48
    frame #2: 0x0000000104c74488 QtCore`___lldb_unnamed_symbol8252 + 312
    frame #3: 0x0000000104c74334 QtCore`qt_message_output(QtMsgType, QMessageLogContext const&, QString const&) + 20
    frame #4: 0x0000000104c81778 QtCore`QDebug::~QDebug() + 128
    frame #5: 0x0000000104f26c18 QtCore`___lldb_unnamed_symbol13676 + 480
    frame #6: 0x0000000104f29570 QtCore`___lldb_unnamed_symbol13684 + 272
    frame #7: 0x0000000104f25bb4 QtCore`___lldb_unnamed_symbol13662 + 20
    frame #8: 0x000000019a02f998 libsystem_c.dylib`__cxa_finalize_ranges + 476
    frame #9: 0x000000019a02f75c libsystem_c.dylib`exit + 44
    frame #10: 0x000000019a198474 libdyld.dylib`dyld4::LibSystemHelpers::exit(int) const + 20
    frame #11: 0x0000000199df42c8 dyld`start + 2924
(lldb) image list
[  0] 1DFF3FE3-A339-7352-3460-52C782DDD6E8 0x0000000100000000 /Users/tkgmac/Documents/SBY_OST_Tool.app/Contents/MacOS/SBY_OST_Tool 
[  1] 398A133C-9BCB-317F-A064-A40D3CEA3C0F 0x0000000199dee000 /usr/lib/dyld 
[  2] 3FFC6810-12D0-3E72-97F1-95DF1899FB04 0x00000001c0e78000 /System/Library/Frameworks/Carbon.framework/Versions/A/Carbon 
[  3] 6049D339-508A-34BE-A278-503AE07D98D6 0x00000001b829e000 /System/Library/Frameworks/Carbon.framework/Versions/A/Frameworks/CommonPanels.framework/Versions/A/CommonPanels 
[  4] 5152557D-8865-3507-B67E-A54AF14BF179 0x00000001b31a4000 /System/Library/Frameworks/Carbon.framework/Versions/A/Frameworks/Help.framework/Versions/A/Help 
[  5] 950F1236-ACAF-379D-819F-6C6B0B5DEABD 0x00000001a56be000 /System/Library/Frameworks/Carbon.framework/Versions/A/Frameworks/HIToolbox.framework/Versions/A/HIToolbox 
[  6] EB6A9C81-DD30-38FB-A56E-22A8F18274A4 0x00000001b82a2000 /System/Library/Frameworks/Carbon.framework/Versions/A/Frameworks/ImageCapture.framework/Versions/A/ImageCapture 
[  7] C499A1B0-E4AB-3AE5-A0DC-DFA2E801FD49 0x00000001b827d000 /System/Library/Frameworks/Carbon.framework/Versions/A/Frameworks/OpenScripting.framework/Versions/A/OpenScripting 
[  8] C97585D1-B31B-34B5-B1D2-85DE06A8E570 0x00000001b829d000 /System/Library/Frameworks/Carbon.framework/Versions/A/Frameworks/Ink.framework/Versions/A/Ink 
[  9] 73E7BA8F-1538-3B4F-AEB7-12B863ECA20D 0x00000001b829a000 /System/Library/Frameworks/Carbon.framework/Versions/A/Frameworks/SecurityHI.framework/Versions/A/SecurityHI 
[ 10] 90EA193B-5126-3529-B39C-64B1B7A10488 0x00000001af01c000 /System/Library/Frameworks/Carbon.framework/Versions/A/Frameworks/SpeechRecognition.framework/Versions/A/SpeechRecognition 
[ 11] 59F1F332-9FAA-3B8D-A5BC-1A1DEC341968 0x00000001b3546000 /System/Library/Frameworks/ApplicationServices.framework/Versions/A/ApplicationServices 
[ 12] E7A14776-89AB-310A-9FCF-F47CAE8043B6 0x00000001a7d55000 /usr/lib/libSystem.B.dylib 
[ 13] 718FC148-CF8D-3C56-99A2-D30B3CEF62D8 0x00000001af410000 /System/Library/Frameworks/CoreServices.framework/Versions/A/CoreServices 
[ 14] 16D282D0-8B48-3E76-8036-FCB45DECE518 0x000000019b3d1000 /System/Library/Frameworks/Foundation.framework/Versions/C/Foundation 
[ 15] B2882096-462B-3878-BE2A-410F7B1A27FD 0x0000000199d9c000 /usr/lib/libobjc.A.dylib 
[ 16] 190E6A36-FCAA-3EA3-94BB-7009C44653DA 0x000000019a1df000 /System/Library/Frameworks/CoreFoundation.framework/Versions/A/CoreFoundation 
[ 17] 98B2EB82-3B9F-35EF-B7FC-936BC0F7A900 0x00000001a02d4000 /System/Library/Frameworks/CoreGraphics.framework/Versions/A/CoreGraphics 
[ 18] EDDB0FFF-E301-3F43-B44B-088BA48BA8D4 0x000000019c8ae000 /System/Library/Frameworks/CoreText.framework/Versions/A/CoreText 
[ 19] 327ED0E7-DC55-33E8-B065-B56558531542 0x00000001a5a1d000 /System/Library/Frameworks/ImageIO.framework/Versions/A/ImageIO 
[ 20] 710462FA-9380-3B51-B69F-EA76457A113D 0x00000001a09f3000 /System/Library/Frameworks/ColorSync.framework/Versions/A/ColorSync 
[ 21] 76DD6D90-7A86-34AB-8531-568C0158BB47 0x00000001ab7fc000 /System/Library/Frameworks/ApplicationServices.framework/Versions/A/Frameworks/ATS.framework/Versions/A/ATS 
[ 22] 5AF090D7-4D2E-3263-9BEC-687BC2058651 0x00000001a0bab000 /System/Library/Frameworks/ApplicationServices.framework/Versions/A/Frameworks/HIServices.framework/Versions/A/HIServices 
[ 23] FD8FE1D2-9DD5-3E38-9126-B828D256F76E 0x00000001aa31b000 /System/Library/Frameworks/ApplicationServices.framework/Versions/A/Frameworks/PrintCore.framework/Versions/A/PrintCore 
[ 24] 563018D2-B80D-3328-B420-18064E119211 0x00000001abbe8000 /System/Library/Frameworks/ApplicationServices.framework/Versions/A/Frameworks/QD.framework/Versions/A/QD 
[ 25] 897165EF-990B-30AB-97B4-236EF55F1C09 0x00000001abbdf000 /System/Library/Frameworks/ApplicationServices.framework/Versions/A/Frameworks/ColorSyncLegacy.framework/Versions/A/ColorSyncLegacy 
[ 26] 0576D58F-32E1-3355-89AC-535B891CFFFE 0x00000001ab7ce000 /System/Library/Frameworks/ApplicationServices.framework/Versions/A/Frameworks/SpeechSynthesis.framework/Versions/A/SpeechSynthesis 
[ 27] F66E0C94-99B5-3FCD-B726-3E3CBCA668A3 0x000000019fda7000 /System/Library/PrivateFrameworks/SkyLight.framework/Versions/A/SkyLight 
[ 28] 7D868DB1-5E16-3785-98E0-D883FFC85BFE 0x00000001a143d000 /System/Library/PrivateFrameworks/ProtocolBuffer.framework/Versions/A/ProtocolBuffer 
[ 29] 0771644F-636F-377F-B86C-564D33FA62DA 0x00000001a7d5a000 /System/Library/PrivateFrameworks/SoftLinking.framework/Versions/A/SoftLinking 
[ 30] 406B2B81-9520-3A45-AD64-39AE0DF5291E 0x000000019d601000 /usr/lib/libicucore.A.dylib 
[ 31] 51A78775-2A2A-3A2D-A111-97563EDFC22E 0x00000001a2899000 /System/Library/PrivateFrameworks/CoreAnalytics.framework/Versions/A/CoreAnalytics 
[ 32] F199B999-BD68-3096-894C-A23361125F37 0x00000001a5431000 /System/Library/PrivateFrameworks/FontServices.framework/libFontParser.dylib 
[ 33] 81FFBDC1-F06D-3E68-825F-32A9B9F898B0 0x00000001af6ba000 /System/Library/Frameworks/Accelerate.framework/Versions/A/Accelerate 
[ 34] 9A10F15D-D321-3810-B726-57F9362B16D0 0x00000001a5001000 /System/Library/Frameworks/IOSurface.framework/Versions/A/IOSurface 
[ 35] C7A4F000-76AA-3DD1-B156-0FCE1CD4AA9B 0x00000001a34eb000 /usr/lib/libxml2.2.dylib 
[ 36] 446389BE-E9E5-34D6-B055-567FAB324E8B 0x000000019f90d000 /System/Library/Frameworks/CFNetwork.framework/Versions/A/CFNetwork 
[ 37] 2F124824-B5AD-3E20-996D-9835D9711F47 0x00000001a7c99000 /usr/lib/libz.1.dylib 
[ 38] BBAB286C-2E51-3D64-9AE3-A4102935FE32 0x000000019a089000 /usr/lib/libc++.1.dylib 
[ 39] 2CDC4B1D-902A-3808-8B42-7473A3BE43F2 0x000000019d20a000 /System/Library/Frameworks/Security.framework/Versions/A/Security 
[ 40] A0EBE73E-3B7B-329E-985C-E884ABA916DF 0x00000001aaf15000 /usr/lib/swift/libswiftCore.dylib 
[ 41] CE98BE37-7964-3224-9B67-3EB7F8626D4A 0x00000001c2262000 /usr/lib/swift/libswiftCoreFoundation.dylib 
[ 42] 26A4C1CC-1525-3829-9C07-DD186D2F00FA 0x00000001bfa0e000 /usr/lib/swift/libswiftDarwin.dylib 
[ 43] 2C922043-216F-3091-B078-54996C8E2060 0x00000001b0eca000 /usr/lib/swift/libswiftDispatch.dylib 
[ 44] 6D0023B3-BF29-3B24-B543-1EF99646B39C 0x00000001c22c0000 /usr/lib/swift/libswiftIOKit.dylib 
[ 45] 6EE1AA58-9D41-3075-85DA-BF8F5C5A0BD3 0x00000001b3ab1000 /usr/lib/swift/libswiftObjectiveC.dylib 
[ 46] EBBE8050-7CB6-3648-BF57-8A5567AE19E2 0x00000001c2274000 /usr/lib/swift/libswiftXPC.dylib 
[ 47] 05F272FE-DCD9-3EE9-9BED-83448AEBE2C5 0x000000027a9e2000 /usr/lib/swift/libswift_Builtin_float.dylib 
[ 48] BE7F6428-0CFE-3F23-BC2A-F85F512979E9 0x000000027ac02000 /usr/lib/swift/libswift_errno.dylib 
[ 49] BEF97918-5E18-3196-9B1B-7042DF931CBD 0x000000027ac04000 /usr/lib/swift/libswift_math.dylib 
[ 50] F1A52006-9AC2-3F24-91FF-7AE756976AAD 0x000000027ac07000 /usr/lib/swift/libswift_signal.dylib 
[ 51] E35F7E21-ACFF-3D2B-8B88-9EF16961ED77 0x000000027ac08000 /usr/lib/swift/libswift_stdio.dylib 
[ 52] FA91508A-A0A8-35D0-A74B-8D0DBA7FD66D 0x000000027ac09000 /usr/lib/swift/libswift_time.dylib 
[ 53] 55561AF2-CC0D-36D5-882A-8A66AF7E53E7 0x000000027ac0a000 /usr/lib/swift/libswiftsys_time.dylib 
[ 54] 913CEEB0-2466-3AF1-8CC1-AA931F1257DE 0x000000027ac0b000 /usr/lib/swift/libswiftunistd.dylib 
[ 55] C6A2DA05-DD7B-30D9-9C9B-3A0171803A5D 0x00000001a1788000 /System/Library/PrivateFrameworks/RunningBoardServices.framework/Versions/A/RunningBoardServices 
[ 56] 2948F2A2-8914-3311-8F59-15D4091D81D4 0x000000019fcf3000 /usr/lib/libMobileGestalt.dylib 
[ 57] 95F2C668-A363-3532-A8FE-A3477FBB70F3 0x000000019fd85000 /System/Library/PrivateFrameworks/TCC.framework/Versions/A/TCC 
[ 58] 14EEB188-D331-37C5-A7F1-366A4CE07D1B 0x00000001b68d8000 /System/Library/PrivateFrameworks/IOSurfaceAccelerator.framework/Versions/A/IOSurfaceAccelerator 
[ 59] 4850B029-4065-3134-B72E-50EBF3644007 0x00000001a9cf5000 /System/Library/PrivateFrameworks/WatchdogClient.framework/Versions/A/WatchdogClient 
[ 60] 09D2A140-CDF6-37A6-9A3F-7085F752A004 0x00000001a7f06000 /usr/lib/libcompression.dylib 
[ 61] 7A6FFFA7-533C-3598-9D47-9110B143C53D 0x00000001a28cb000 /usr/lib/libDiagnosticMessagesClient.dylib 
[ 62] C432C6F3-58A3-324A-AA32-9BE164948D73 0x000000019b02b000 /System/Library/Frameworks/SystemConfiguration.framework/Versions/A/SystemConfiguration 
[ 63] 675C41D6-FF46-3086-A6EB-0C833A551E12 0x000000019c3db000 /System/Library/Frameworks/CoreDisplay.framework/Versions/A/CoreDisplay 
[ 64] 2A45A0EA-9C87-3635-B309-0B172D8EEF56 0x00000001a6e37000 /System/Library/PrivateFrameworks/IOMobileFramebuffer.framework/Versions/A/IOMobileFramebuffer 
[ 65] 3B231B1B-4BEB-3F2B-819A-06D087C30C75 0x00000001a52c6000 /System/Library/Frameworks/CoreMedia.framework/Versions/A/CoreMedia 
[ 66] 87899916-AE41-398D-BDED-92172C92451F 0x00000001a501a000 /System/Library/PrivateFrameworks/IOAccelerator.framework/Versions/A/IOAccelerator 
[ 67] FFD74642-9D8E-31DB-AD51-41EB5F08837B 0x000000019dc47000 /System/Library/Frameworks/IOKit.framework/Versions/A/IOKit 
[ 68] 8E4D919E-AA4B-36C5-8621-DBC72ED287CD 0x00000001a5024000 /System/Library/Frameworks/Metal.framework/Versions/A/Metal 
[ 69] 0FCFE924-013C-3974-9FDF-58F9A8D71845 0x00000001a35d5000 /System/Library/Frameworks/CoreVideo.framework/Versions/A/CoreVideo 
[ 70] AB739C3C-CD38-3AE6-85A0-5CF946870471 0x00000001a7efe000 /System/Library/Frameworks/MetalPerformanceShaders.framework/Versions/A/MetalPerformanceShaders 
[ 71] 68841138-333A-3FB8-8C94-DBD92C95253C 0x00000001a9cf7000 /System/Library/PrivateFrameworks/MultitouchSupport.framework/Versions/A/MultitouchSupport 
[ 72] EE3AC490-BA65-3238-8ABA-BB234BF4A480 0x00000001a2d9c000 /System/Library/Frameworks/QuartzCore.framework/Versions/A/QuartzCore 
[ 73] 31792784-758D-3FC2-8B40-9C321D82EB93 0x00000001a7153000 /usr/lib/libbsm.0.dylib 
[ 74] 181ACFAC-7212-3A9D-95AF-091CB1FFB978 0x000000025f93f000 /System/Library/PrivateFrameworks/ProDisplayLibrary.framework/Versions/A/ProDisplayLibrary 
[ 75] E592940B-133B-3BFF-B7C8-AFEDE3F3E78F 0x00000001a9d3c000 /System/Library/Frameworks/VideoToolbox.framework/Versions/A/VideoToolbox 
[ 76] 7574A46D-14FD-3B85-8E41-4D18AFD7C436 0x00000001ceaed000 /usr/lib/swift/libswiftMetal.dylib 
[ 77] 452649CE-D8F8-3EF2-8861-20D21F793FF9 0x00000001dcdeb000 /usr/lib/swift/libswiftOSLog.dylib 
[ 78] D66E9A4B-02CA-3320-86C9-2F0C0901E242 0x00000001d3418000 /usr/lib/swift/libswiftQuartzCore.dylib 
[ 79] 96AF8EAB-2D50-3442-A752-416AB8B5F8ED 0x00000001d7947000 /usr/lib/swift/libswiftUniformTypeIdentifiers.dylib 
[ 80] E7E4E2D9-F8EA-3288-9BF7-CFE4E2B8B542 0x00000001b3ab5000 /usr/lib/swift/libswiftos.dylib 
[ 81] ABB84DF3-BFAC-3F22-817F-EA6DF17D7C64 0x00000001c5a38000 /usr/lib/swift/libswiftsimd.dylib 
[ 82] 410D3AC7-C9C3-36CB-969E-BC461BBBC260 0x00000001a3675000 /System/Library/PrivateFrameworks/UserManagement.framework/Versions/A/UserManagement 
[ 83] F6CE5B34-65B7-38D9-A7A0-BD366CE4E692 0x00000001a16a3000 /System/Library/PrivateFrameworks/BaseBoard.framework/Versions/A/BaseBoard 
[ 84] 31542F66-1FA7-3A5C-B3BE-EB872DBCE104 0x00000001a3465000 /System/Library/Frameworks/CoreServices.framework/Versions/A/Frameworks/FSEvents.framework/Versions/A/FSEvents 
[ 85] 4F74B7C7-7D08-3067-A12E-DD1873D04A2B 0x000000019d8d0000 /System/Library/Frameworks/CoreServices.framework/Versions/A/Frameworks/CarbonCore.framework/Versions/A/CarbonCore 
[ 86] 1AFBB369-31F2-37B3-AE03-2EDB3E9AD439 0x00000001a292d000 /System/Library/Frameworks/CoreServices.framework/Versions/A/Frameworks/Metadata.framework/Versions/A/Metadata 
[ 87] 9DA8BA49-4166-3C9E-BED2-9B14E6A7FA36 0x00000001a7842000 /System/Library/Frameworks/CoreServices.framework/Versions/A/Frameworks/OSServices.framework/Versions/A/OSServices 
[ 88] 91755813-62B1-3576-AF8F-D9133681BD1F 0x00000001a7e35000 /System/Library/Frameworks/CoreServices.framework/Versions/A/Frameworks/SearchKit.framework/Versions/A/SearchKit 
[ 89] 09E72A53-8B7E-3365-987B-3B6CA4F73672 0x00000001a17ef000 /System/Library/Frameworks/CoreServices.framework/Versions/A/Frameworks/AE.framework/Versions/A/AE 
[ 90] 0BD79215-03E1-3D88-8104-97D48BF358AF 0x000000019a6d4000 /System/Library/Frameworks/CoreServices.framework/Versions/A/Frameworks/LaunchServices.framework/Versions/A/LaunchServices 
[ 91] 5AB3B4E6-4116-317B-83D1-A10E01C73496 0x00000001a9199000 /System/Library/Frameworks/CoreServices.framework/Versions/A/Frameworks/DictionaryServices.framework/Versions/A/DictionaryServices 
[ 92] 58EF0C88-7857-30AF-8577-A76E86767816 0x00000001a3473000 /System/Library/Frameworks/CoreServices.framework/Versions/A/Frameworks/SharedFileList.framework/Versions/A/SharedFileList 
[ 93] 4B8F296F-6B47-3CBA-8646-4AEF932F6D22 0x00000001a7ed0000 /usr/lib/libapple_nghttp2.dylib 
[ 94] 03A3F0E0-3898-360D-8138-2A6E0E43CC70 0x00000001a1457000 /usr/lib/libsqlite3.dylib 
[ 95] D5717A82-1F4E-3341-8097-C01E5720351C 0x00000001abc20000 /System/Library/Frameworks/GSS.framework/Versions/A/GSS 
[ 96] 68A81D22-DFFC-3D8A-9F93-063935926DAE 0x00000001aa43b000 /System/Library/PrivateFrameworks/InternationalSupport.framework/Versions/A/InternationalSupport 
[ 97] B32AD8E4-B509-381A-A923-2C2779607316 0x000000019fcf1000 /usr/lib/libenergytrace.dylib 
[ 98] C8EC9CCA-B25B-38A5-878C-FEF450B0F4F6 0x00000001a187e000 /System/Library/Frameworks/Network.framework/Versions/A/Network 
[ 99] 36144ED0-C50B-3319-B3C1-B1CB578D3633 0x000000019dbc6000 /System/Library/PrivateFrameworks/CoreServicesInternal.framework/Versions/A/CoreServicesInternal 
[100] D8407F3E-5522-3C66-8A60-C29567136FD5 0x0000000279ec4000 /usr/lib/liboah.dylib 
[101] BAF73E4A-7B10-3626-99D9-0E2832C4153B 0x00000001a7d57000 /usr/lib/libfakelink.dylib 
[102] E7DBA219-4E97-307D-8E80-E0D97BE8517B 0x000000019a117000 /usr/lib/libc++abi.dylib 
[103] 680ADBE3-63F8-3685-8758-5D5E5FFCF820 0x00000001a34a1000 /System/Library/PrivateFrameworks/CoreAutoLayout.framework/Versions/A/CoreAutoLayout 
[104] 5B54B140-0055-302C-94FE-06522FB8A1E8 0x00000001a29b7000 /System/Library/Frameworks/DiskArbitration.framework/Versions/A/DiskArbitration 
[105] 2D28EACA-D571-3EA2-86F5-40770FDBE40C 0x00000001a7dac000 /usr/lib/libarchive.2.dylib 
[106] F8BF36DD-786A-3C96-885A-797572EA209E 0x00000001a6222000 /usr/lib/liblangid.dylib 
[107] B9F26DAD-2FA4-3139-9C77-B234F12943C6 0x00000001ad311000 /System/Library/Frameworks/Combine.framework/Versions/A/Combine 
[108] 05707086-CE88-39A4-84F3-622E04F0DF5A 0x0000000242ef3000 /System/Library/PrivateFrameworks/CollectionsInternal.framework/Versions/A/CollectionsInternal 
[109] B8CECFDD-B977-38DB-B858-71CEC236A651 0x0000000260417000 /System/Library/PrivateFrameworks/ReflectionInternal.framework/Versions/A/ReflectionInternal 
[110] 4C62BB76-FEED-3562-9B83-6B91AD6D7EF1 0x00000002610af000 /System/Library/PrivateFrameworks/RuntimeInternal.framework/Versions/A/RuntimeInternal 
[111] 280537C8-7A26-35CC-B20C-AE56C6BC406E 0x000000027a969000 /usr/lib/swift/libswiftSystem.dylib 
[112] B71CFFCA-9AE0-33F0-9F6F-AEC0CC705CA3 0x000000027a9e7000 /usr/lib/swift/libswift_Concurrency.dylib 
[113] 3E482EDC-F47B-3AA7-8047-B7F0FA5CF0F7 0x000000027ab4f000 /usr/lib/swift/libswift_StringProcessing.dylib 
[114] 46788F12-8B07-3253-BF23-C49BC753A327 0x00000001a7d4f000 /usr/lib/system/libcache.dylib 
[115] 1C8E15A6-869F-3AAD-AAE8-5825C7C4F902 0x00000001a7d08000 /usr/lib/system/libcommonCrypto.dylib 
[116] F22CE10B-B1DF-3A58-9B8B-7F0ED73962DF 0x00000001a7d35000 /usr/lib/system/libcompiler_rt.dylib 
[117] 0D18978A-4446-31EE-8228-25FABB44DB94 0x00000001a7d2a000 /usr/lib/system/libcopyfile.dylib 
[118] 8A08F4FE-C92E-35AA-BBB8-45A9D7A00AAD 0x0000000199edb000 /usr/lib/system/libcorecrypto.dylib 
[119] 5576E4FD-AAD2-3608-8C8F-4EEC421236F9 0x0000000199fbd000 /usr/lib/system/libdispatch.dylib 
[120] C0C53058-94D2-3D9E-9E92-56BA8B43C327 0x000000019a17a000 /usr/lib/system/libdyld.dylib 
[121] 95E4D67C-51BF-36C9-99B5-35F5E2D6E2CA 0x00000001a7d45000 /usr/lib/system/libkeymgr.dylib 
[122] 9E0F73E3-1865-3F72-9ED1-465C68D23BA6 0x00000001a7ce7000 /usr/lib/system/libmacho.dylib 
[123] 90D46A44-087C-3900-8509-EA90C6CFAD58 0x00000001a712c000 /usr/lib/system/libquarantine.dylib 
[124] D242539B-BA45-363C-8B08-83FBCE4EC1C2 0x00000001a7d42000 /usr/lib/system/libremovefile.dylib 
[125] 26693E85-AFDC-38E2-B939-D6EC865FA506 0x000000019fd6c000 /usr/lib/system/libsystem_asl.dylib 
[126] A33D811C-BD2D-3833-9C38-9BF3960A1F8C 0x0000000199e70000 /usr/lib/system/libsystem_blocks.dylib 
[127] 92699527-645F-3D8D-AED8-1CFB0C034E15 0x000000019a007000 /usr/lib/system/libsystem_c.dylib 
[128] 74DC56B7-7BE5-3392-835A-7C6863986FF2 0x00000001a7d39000 /usr/lib/system/libsystem_collections.dylib 
[129] C218F939-9E60-37A3-B2EC-93837054946D 0x00000001a620f000 /usr/lib/system/libsystem_configuration.dylib 
[130] A72C2FD5-969A-342F-B8A4-4216D7C7957E 0x00000001a4fd2000 /usr/lib/system/libsystem_containermanager.dylib 
[131] 579E4601-365D-346F-9CD9-37851FB2874C 0x00000001a783b000 /usr/lib/system/libsystem_coreservices.dylib 
[132] F23DCA7C-AF18-3BB9-9D2F-FFBC4645DDC1 0x000000019d8c5000 /usr/lib/system/libsystem_darwin.dylib 
[133] E3036CCB-95CF-3BD6-AA4F-58543B923EA5 0x000000027ad4e000 /usr/lib/system/libsystem_darwindirectory.dylib 
[134] 35DE5A07-AF58-33F0-A950-1F7CCAE85F3E 0x00000001a7d46000 /usr/lib/system/libsystem_dnssd.dylib 
[135] 4C8AC363-F171-3A08-85F8-7542B9C79A87 0x000000027ad52000 /usr/lib/system/libsystem_eligibility.dylib 
[136] 64FD190D-C0D7-3B9A-837B-E63EA386BE14 0x000000019a004000 /usr/lib/system/libsystem_featureflags.dylib 
[137] 8C7C4902-FEC1-3776-87FF-2373BA19B1CE 0x000000019a1af000 /usr/lib/system/libsystem_info.dylib 
[138] 1B9E3C19-420A-38C5-96CE-6C2CE6EB56BA 0x00000001a7ca8000 /usr/lib/system/libsystem_m.dylib 
[139] 1480B446-99F7-3757-9D4E-5BA3014A2726 0x0000000199f7b000 /usr/lib/system/libsystem_malloc.dylib 
[140] CD0C82E0-9B1B-3CAA-8CA7-466D1C439C3B 0x000000019fcd6000 /usr/lib/system/libsystem_networkextension.dylib 
[141] A3EE7CB1-6FCC-37AB-A8BC-256B9642B47D 0x000000019dd28000 /usr/lib/system/libsystem_notify.dylib 
[142] BF38E17B-6A57-3EE2-A805-8E9B35542182 0x00000001a6214000 /usr/lib/system/libsystem_sandbox.dylib 
[143] F0A7379E-6861-3B3F-BB56-1B08B1BEE98A 0x000000027ad59000 /usr/lib/system/libsystem_sanitizers.dylib 
[144] 9BFA7CCC-E31E-3D39-832D-CA425269A795 0x00000001a7d3e000 /usr/lib/system/libsystem_secinit.dylib 
[145] EEE9D0D3-DFFC-37CB-9CED-B27CD0286D8C 0x000000019a132000 /usr/lib/system/libsystem_kernel.dylib 
[146] 984D08B8-F85C-36F5-9E17-5BFF7FC779A3 0x000000019a1a7000 /usr/lib/system/libsystem_platform.dylib 
[147] 642FAF7A-874E-37E6-8ABA-2B0CC09A3025 0x000000019a16d000 /usr/lib/system/libsystem_pthread.dylib 
[148] 695D143C-5D59-37B0-8784-4AE727AFEEF5 0x00000001a1875000 /usr/lib/system/libsystem_symptoms.dylib 
[149] 7F5EC174-AB45-37E7-B783-83A04B6154A1 0x0000000199ebf000 /usr/lib/system/libsystem_trace.dylib 
[150] BEFBB85F-B46E-3C52-9A92-2F8EE957E3D9 0x00000001a7d16000 /usr/lib/system/libunwind.dylib 
[151] 564B7785-E7C4-3231-8BF1-3FBB266B6599 0x0000000199e74000 /usr/lib/system/libxpc.dylib 
[152] A3DD0080-8E6B-3DE9-BA99-A0337CBC0E59 0x00000001a70f1000 /System/Library/PrivateFrameworks/BackgroundTaskManagement.framework/Versions/A/BackgroundTaskManagement 
[153] 97BA470F-1660-3BA6-B136-7DCC9EBCFBB0 0x0000000279d20000 /usr/lib/libCoreEntitlements.dylib 
[154] AE9B5751-647E-3331-A3D0-6034D16A7B5F 0x0000000258514000 /System/Library/PrivateFrameworks/MessageSecurity.framework/Versions/A/MessageSecurity 
[155] 6A18573B-0E8B-3B3A-9980-C3920EC792A4 0x00000001a7823000 /System/Library/PrivateFrameworks/AppleFSCompression.framework/Versions/A/AppleFSCompression 
[156] 54006172-9144-3320-8739-D1D273ACB8EA 0x00000001a713b000 /usr/lib/libcoretls.dylib 
[157] 301A9407-FEF4-35FA-B542-82443942D6A3 0x00000001a9210000 /usr/lib/libcoretls_cfhelpers.dylib 
[158] E0A5E9E6-8709-3F5C-89F5-D32232CEDA1E 0x00000001a7f00000 /usr/lib/libpam.2.dylib 
[159] 0220EE49-4813-3B16-8ADA-1F4C4623B5AC 0x00000001a9283000 /usr/lib/libxar.1.dylib 
[160] BD048EB0-FE92-3D97-82D2-744937207C3B 0x00000001a965e000 /usr/lib/libheimdal-asn1.dylib 
[161] D90BC6C5-3413-39EF-8590-9B8B8B4DFC47 0x000000027a8ec000 /usr/lib/swift/libswiftObservation.dylib 
[162] 9A9AF962-D740-3ACF-BE08-8EC62C955917 0x00000001a7ceb000 /usr/lib/system/libkxld.dylib 
[163] 4B0437CD-9875-3427-A933-0079F0801589 0x000000019f90c000 /usr/lib/libnetwork.dylib 
[164] 50A234EA-EC0F-3739-9693-4550EE03023B 0x00000001c2155000 /System/Library/PrivateFrameworks/LoggingSupport.framework/Versions/A/LoggingSupport 
[165] D1D95DEA-FA2D-37B9-9D95-1DFFFEADCD17 0x000000019f842000 /usr/lib/libboringssl.dylib 
[166] 0CB47A92-D03D-3F59-8E40-7C8E7596A13D 0x00000001a1864000 /usr/lib/libdns_services.dylib 
[167] F39717BD-0C54-3A7A-8C46-DCE046FF377B 0x00000001c1344000 /usr/lib/libquic.dylib 
[168] 3C4137B4-B6EA-3D39-B9CF-B203A3B7F436 0x00000001aaea5000 /usr/lib/libusrtcp.dylib 
[169] 93F647EA-926F-31DD-891A-B519C06203DE 0x00000001e4474000 /System/Library/PrivateFrameworks/InternalSwiftProtobuf.framework/Versions/A/InternalSwiftProtobuf 
[170] FE73CBEF-B2C1-3127-BB0E-6D8300D02875 0x000000027a8b4000 /usr/lib/swift/libswiftDistributed.dylib 
[171] 6A21081A-0C67-358F-A46C-A8F8CAD3FFA9 0x00000001a7eaa000 /System/Library/PrivateFrameworks/AppleSauce.framework/Versions/A/AppleSauce 
[172] E47837B4-7F08-3EB7-8DA9-FF9CF6A1FFE7 0x00000001a621d000 /System/Library/PrivateFrameworks/AppleSystemInfo.framework/Versions/A/AppleSystemInfo 
[173] CB56B935-5BA1-3433-8A90-4C19028119BA 0x000000019aec8000 /System/Library/PrivateFrameworks/Lexicon.framework/Versions/A/Lexicon 
[174] 2B1CA5BF-5BC5-3064-B886-FAF3E83CC457 0x0000000252335000 /System/Library/PrivateFrameworks/IO80211.framework/Versions/A/IO80211 
[175] 4FDFC8E3-483F-37EB-A643-03715E827D61 0x00000001a7063000 /System/Library/Frameworks/SecurityFoundation.framework/Versions/A/SecurityFoundation 
[176] 1D1A3D4F-880B-3AED-BB2D-03EF563A52A0 0x00000001a6344000 /System/Library/PrivateFrameworks/LinguisticData.framework/Versions/A/LinguisticData 
[177] 859D3BCA-4A5C-3A3E-A698-65A540D84A1A 0x00000001b1235000 /System/Library/PrivateFrameworks/BoardServices.framework/Versions/A/BoardServices 
[178] 08A44127-D26E-38B2-A025-56FE5B102127 0x00000001a7055000 /System/Library/PrivateFrameworks/AssertionServices.framework/Versions/A/AssertionServices 
[179] 6FA9292C-2499-3CDD-8863-A454408D73A1 0x00000001a9bbc000 /System/Library/PrivateFrameworks/AppleJPEG.framework/Versions/A/AppleJPEG 
[180] F5930C97-C0BE-3224-B33F-943BC5178C07 0x00000001a9643000 /usr/lib/libexpat.1.dylib 
[181] 563763E0-CCF4-36B1-AE45-94075EE7D8A3 0x00000001aa1f0000 /System/Library/Frameworks/ImageIO.framework/Versions/A/Resources/libPng.dylib 
[182] 8D9C3019-4722-396F-A7E9-CE839E8C7704 0x00000001aa21b000 /System/Library/Frameworks/ImageIO.framework/Versions/A/Resources/libTIFF.dylib 
[183] CF2F5003-DB41-3D7C-9CAE-878F0B76FCDF 0x00000001aa306000 /System/Library/Frameworks/ImageIO.framework/Versions/A/Resources/libGIF.dylib 
[184] A583E05B-03F7-3873-B6C8-A41DF6A89C1E 0x00000001a9c02000 /System/Library/Frameworks/ImageIO.framework/Versions/A/Resources/libJP2.dylib 
[185] F2EF0E84-65A1-338D-855F-8843F578297A 0x00000001a9347000 /usr/lib/libate.dylib 
[186] B2999762-13F1-3024-8DDB-233F74FC78D4 0x00000001aa2ac000 /System/Library/Frameworks/ImageIO.framework/Versions/A/Resources/libJPEG.dylib 
[187] 0850CEFF-37C1-320B-AE61-534DFF1FE608 0x00000001aa2a3000 /System/Library/Frameworks/ImageIO.framework/Versions/A/Resources/libRadiance.dylib 
[188] F8CC3605-0E2A-36D5-AB42-A80D3E9E9644 0x00000001a29c0000 /System/Library/Frameworks/Accelerate.framework/Versions/A/Frameworks/vImage.framework/Versions/A/vImage 
[189] 8C169781-389F-3DF9-B998-BB5B8520DF8B 0x00000001af3eb000 /System/Library/Frameworks/Accelerate.framework/Versions/A/Frameworks/vecLib.framework/Versions/A/vecLib 
[190] 78438525-303A-3AE3-A7F4-82AB82A378F2 0x00000001a92ca000 /System/Library/Frameworks/Accelerate.framework/Versions/A/Frameworks/vecLib.framework/Versions/A/libvMisc.dylib 
[191] 0BF9D1E6-E6F8-3C3C-B387-A1D026A35421 0x000000019ab38000 /System/Library/Frameworks/Accelerate.framework/Versions/A/Frameworks/vecLib.framework/Versions/A/libBLAS.dylib 
[192] B755A682-2EBA-3CB4-8864-82F48EC15100 0x00000001f7051000 /System/Library/Frameworks/OpenGL.framework/Versions/A/OpenGL 
[193] 194DE919-DB06-35DF-8385-EAB059773B9D 0x000000024e75a000 /System/Library/PrivateFrameworks/GPUCompiler.framework/Versions/32023/Libraries/libllvm-flatbuffers.dylib 
[194] 5B56E55B-D4AA-3560-9395-65C2D729356D 0x0000000249a58000 /System/Library/PrivateFrameworks/FramePacing.framework/Versions/A/FramePacing 
[195] 1FEC93F6-CFEB-3317-B3C8-CAE341AC204D 0x00000001f7043000 /System/Library/Frameworks/OpenGL.framework/Versions/A/Libraries/libCoreFSCache.dylib 
[196] 99DE9A8D-AE1E-360C-B128-162EB4A7D3BF 0x000000024a603000 /System/Library/PrivateFrameworks/GPUCompiler.framework/Versions/32023/Libraries/libGPUCompilerUtils.dylib 
[197] 211F1D1C-75E9-3910-BE41-05DD21676DB6 0x00000001a91f1000 /usr/lib/liblzma.5.dylib 
[198] 6794A70E-34C2-395F-9C8C-2DCCB7B6F24D 0x00000001f70a3000 /System/Library/Frameworks/OpenGL.framework/Versions/A/Libraries/libGLU.dylib 
[199] E87429AE-E8DE-3E3E-84D3-42B073D1FB28 0x00000001f7065000 /System/Library/Frameworks/OpenGL.framework/Versions/A/Libraries/libGFXShared.dylib 
[200] ADE2B449-DE1D-3247-B965-404DD2D4D49A 0x00000001f7236000 /System/Library/Frameworks/OpenGL.framework/Versions/A/Libraries/libGL.dylib 
[201] 48405265-388D-3924-89B2-A3FE2F5E8E24 0x00000001f706e000 /System/Library/Frameworks/OpenGL.framework/Versions/A/Libraries/libGLImage.dylib 
[202] 3F2AED4F-78D3-37C3-9146-46E5BBBB7518 0x00000001f7062000 /System/Library/Frameworks/OpenGL.framework/Versions/A/Libraries/libCVMSPluginSupport.dylib 
[203] BA339196-BC44-3D08-9447-60C525F0B5D6 0x00000001f704b000 /System/Library/Frameworks/OpenGL.framework/Versions/A/Libraries/libCoreVMClient.dylib 
[204] 8F0F7BA4-8492-361D-AAB4-CD0A4BF56AEF 0x00000001a5d9f000 /System/Library/Frameworks/CoreImage.framework/Versions/A/CoreImage 
[205] 82CD0969-9307-31CD-A557-A86660A5F5B8 0x00000001b4bee000 /System/Library/PrivateFrameworks/ASEProcessing.framework/Versions/A/ASEProcessing 
[206] 81116151-EC8C-3F0D-B0FC-CA815F946D31 0x00000001e0581000 /System/Library/PrivateFrameworks/Symbolication.framework/Versions/A/Symbolication 
[207] 16C340C0-9879-3FC2-8FF3-014A05EAC06A 0x000000025eb55000 /System/Library/PrivateFrameworks/PhotosensitivityProcessing.framework/Versions/A/PhotosensitivityProcessing 
[208] E5F20865-1979-3E07-A89C-EF32A974EF0D 0x00000001a9822000 /System/Library/PrivateFrameworks/GraphVisualizer.framework/Versions/A/GraphVisualizer 
[209] F78070A2-AAD5-38E4-8A50-66A29BCA2160 0x0000000249992000 /System/Library/PrivateFrameworks/FontServices.framework/Versions/A/FontServices 
[210] AEC24D03-1CF7-3B72-9B70-84D3ACB12B8A 0x000000019f386000 /System/Library/Frameworks/UniformTypeIdentifiers.framework/Versions/A/UniformTypeIdentifiers 
[211] 79957785-0285-3BA1-BB17-88B20A861E0F 0x00000001a982e000 /System/Library/PrivateFrameworks/OTSVG.framework/Versions/A/OTSVG 
[212] 89CDA507-C362-3BA2-8C8D-6EAAF75B3B74 0x00000001a3164000 /System/Library/Frameworks/ApplicationServices.framework/Versions/A/Frameworks/ATS.framework/Versions/A/Resources/libFontRegistry.dylib 
[213] D1F696F1-1BAF-3D69-9A92-8B0521CA2120 0x00000001a9212000 /System/Library/PrivateFrameworks/APFS.framework/Versions/A/APFS 
[214] A8586B94-0399-30F0-9463-7B97CC410E30 0x00000001a9292000 /usr/lib/libutil.dylib 
[215] 7025128F-E5D4-32F3-8993-ED007E18B278 0x00000001a7038000 /System/Library/PrivateFrameworks/MobileKeyBag.framework/Versions/A/MobileKeyBag 
[216] 81976928-DABD-365F-9DAC-DCF70A84C96E 0x00000001a621b000 /System/Library/PrivateFrameworks/AggregateDictionary.framework/Versions/A/AggregateDictionary 
[217] 9B00219C-7CE4-39CB-A9E8-EB449DA39CC5 0x000000023f67c000 /System/Library/PrivateFrameworks/AppleKeyStore.framework/Versions/A/AppleKeyStore 
[218] CB6095FE-D6A7-3A28-92FF-BCCBE0853A97 0x00000001a9878000 /System/Library/PrivateFrameworks/FontServices.framework/libhvf.dylib 
[219] 7B3659A4-27F5-3ED0-8D52-C33EE249DE6B 0x000000025b9a2000 /System/Library/PrivateFrameworks/ParsingInternal.framework/Versions/A/ParsingInternal 
[220] 20CB4264-87BE-3DE6-A0E7-228BCF61FC61 0x000000027a90b000 /usr/lib/swift/libswiftRegexBuilder.dylib 
[221] AEF7E67F-EB58-372A-AEC8-BC5C0B31E24D 0x000000027aaa8000 /usr/lib/swift/libswift_RegexParser.dylib 
[222] DB36CEF2-B5E8-3BE8-8D8D-C56DA3347835 0x0000000249993000 /System/Library/PrivateFrameworks/FontServices.framework/libXTFontStaticRegistryData.dylib 
[223] BA925B23-4A18-358E-B607-E1E723E6FE15 0x00000001a615d000 /System/Library/Frameworks/MetalPerformanceShaders.framework/Versions/A/Frameworks/MPSCore.framework/Versions/A/MPSCore 
[224] 6B7959F4-17AA-387B-AB68-B7078E02C67C 0x00000001a778f000 /System/Library/Frameworks/MetalPerformanceShaders.framework/Versions/A/Frameworks/MPSImage.framework/Versions/A/MPSImage 
[225] 93AA5A10-C8AB-34FB-A515-5D92662CFC7D 0x00000001a71de000 /System/Library/Frameworks/MetalPerformanceShaders.framework/Versions/A/Frameworks/MPSNeuralNetwork.framework/Versions/A/MPSNeuralNetwork 
[226] 40E641E8-CFD5-33B3-8417-5DFCB50C2058 0x00000001a7614000 /System/Library/Frameworks/MetalPerformanceShaders.framework/Versions/A/Frameworks/MPSMatrix.framework/Versions/A/MPSMatrix 
[227] 133C1F7E-9848-3AC9-A2DB-C7C2AFB52081 0x00000001a742c000 /System/Library/Frameworks/MetalPerformanceShaders.framework/Versions/A/Frameworks/MPSRayIntersector.framework/Versions/A/MPSRayIntersector 
[228] C6F32BA3-F91D-3DAE-BA28-080B0ECC6682 0x00000001a7646000 /System/Library/Frameworks/MetalPerformanceShaders.framework/Versions/A/Frameworks/MPSNDArray.framework/Versions/A/MPSNDArray 
[229] B6A91DE6-D0BB-32D3-A008-21376070154D 0x00000001fae1b000 /System/Library/Frameworks/MetalPerformanceShaders.framework/Versions/A/Frameworks/MPSFunctions.framework/Versions/A/MPSFunctions 
[230] EFE47D01-4814-3EFF-A5DA-D1C3CC84A2E9 0x00000001fadff000 /System/Library/Frameworks/MetalPerformanceShaders.framework/Versions/A/Frameworks/MPSBenchmarkLoop.framework/Versions/A/MPSBenchmarkLoop 
[231] 96903DB1-40B9-33C2-8A15-5467628D2E30 0x000000019a9bc000 /System/Library/PrivateFrameworks/MetalTools.framework/Versions/A/MetalTools 
[232] 2F3B9565-AAB1-362A-A4E1-635D584B78E5 0x00000001c6da2000 /System/Library/PrivateFrameworks/IOAccelMemoryInfo.framework/Versions/A/IOAccelMemoryInfo 
[233] 9C05D89A-81CE-3252-9079-384A3F6CE319 0x00000001d3814000 /System/Library/PrivateFrameworks/kperf.framework/Versions/A/kperf 
[234] E020FC9F-27E2-3D04-A5E1-16DAFA84C5D7 0x00000001c2239000 /System/Library/PrivateFrameworks/GPURawCounter.framework/Versions/A/GPURawCounter 
[235] EA5B40F8-76B7-3868-A2D6-98AAF6E28595 0x00000001b167c000 /System/Library/PrivateFrameworks/CoreSymbolication.framework/Versions/A/CoreSymbolication 
[236] 05EF3C0E-574F-3F1B-8A57-046AF3E4E177 0x00000001c21d3000 /System/Library/PrivateFrameworks/MallocStackLogging.framework/Versions/A/MallocStackLogging 
[237] 68712F82-E469-3B6A-A63B-CFF119BC8F2A 0x00000001a93e1000 /System/Library/PrivateFrameworks/CrashReporterSupport.framework/Versions/A/CrashReporterSupport 
[238] E007C9AB-65EF-35B2-947E-E9EC48865726 0x00000001b1636000 /System/Library/PrivateFrameworks/DebugSymbols.framework/Versions/A/DebugSymbols 
[239] 7EFA8BCB-16FD-374F-87D6-9963539F6D70 0x00000001d2aac000 /System/Library/PrivateFrameworks/OSAnalytics.framework/Versions/A/OSAnalytics 
[240] 8201128F-5340-3197-B0A5-5D094E17C0CA 0x00000001a6d11000 /System/Library/Frameworks/Accelerate.framework/Versions/A/Frameworks/vecLib.framework/Versions/A/libvDSP.dylib 
[241] 66C83F80-4F8C-3002-885E-F8D9562B5944 0x00000001a7fdc000 /System/Library/Frameworks/Accelerate.framework/Versions/A/Frameworks/vecLib.framework/Versions/A/libLAPACK.dylib 
[242] 7968C309-63F8-38E8-A286-4B0FB1188825 0x00000001a71c9000 /System/Library/Frameworks/Accelerate.framework/Versions/A/Frameworks/vecLib.framework/Versions/A/libLinearAlgebra.dylib 
[243] 2118AB7C-04A7-35E2-92BE-942A2A91CCB3 0x00000001a7eeb000 /System/Library/Frameworks/Accelerate.framework/Versions/A/Frameworks/vecLib.framework/Versions/A/libSparseBLAS.dylib 
[244] D197974B-5D68-39E3-8251-F5A0FAD42944 0x00000001a7fd7000 /System/Library/Frameworks/Accelerate.framework/Versions/A/Frameworks/vecLib.framework/Versions/A/libQuadrature.dylib 
[245] 0A0EA04E-3AE2-3734-9E57-D13FBD17FA9A 0x00000001a634b000 /System/Library/Frameworks/Accelerate.framework/Versions/A/Frameworks/vecLib.framework/Versions/A/libBNNS.dylib 
[246] 2EFCD141-921F-3A98-AB50-407D7B836E03 0x000000019afca000 /System/Library/Frameworks/Accelerate.framework/Versions/A/Frameworks/vecLib.framework/Versions/A/libSparse.dylib 
[247] 86506C70-B1CB-33F1-9619-707079F6A646 0x00000002566b7000 /System/Library/PrivateFrameworks/MIL.framework/Versions/A/MIL 
[248] 24E2EF9A-CAB9-318A-8D1A-10E0E688D941 0x00000001a782f000 /usr/lib/libbz2.1.0.dylib 
[249] 5CF5071E-B8E9-3CE3-9AFC-FA99DA46DF13 0x00000001a7d91000 /usr/lib/libiconv.2.dylib 
[250] 0F68DB90-93D6-388A-9702-0AD069319AF6 0x00000001a7ce6000 /usr/lib/libcharset.1.dylib 
[251] F4778D3D-6AF1-315F-A741-8C963B1307EF 0x00000001a6ec7000 /System/Library/PrivateFrameworks/CoreUtils.framework/Versions/A/CoreUtils 
[252] 41C872CB-3BE3-38A6-B435-04B719872A02 0x000000024685a000 /System/Library/PrivateFrameworks/CoreUtilsExtras.framework/Versions/A/CoreUtilsExtras 
[253] D7DEB0D9-9074-3562-AA18-5D96ECA9DA7C 0x00000001a9540000 /System/Library/PrivateFrameworks/PlugInKit.framework/Versions/A/PlugInKit 
[254] AFA32EDE-E96E-35B1-9CB2-954FA4A250FE 0x00000001e4240000 /System/Library/Frameworks/OSLog.framework/Versions/A/OSLog 
[255] F65493A7-19A1-3694-927F-B50B2855DC33 0x00000001a3438000 /System/Library/Frameworks/OpenDirectory.framework/Versions/A/OpenDirectory 
[256] B2999F75-22EC-3E1B-9F76-952744E82F45 0x00000001a3446000 /System/Library/Frameworks/OpenDirectory.framework/Versions/A/Frameworks/CFOpenDirectory.framework/Versions/A/CFOpenDirectory 
[257] 9B5668CD-D7AB-32E9-9709-8F23F1242917 0x0000000279f0a000 /usr/lib/libTLE.dylib 
[258] 7E145C58-C431-33D3-A62E-1AEA37BE394A 0x00000001b2ff7000 /System/Library/PrivateFrameworks/DiskImages.framework/Versions/A/DiskImages 
[259] 90AC4AD1-24E2-32F6-9680-50FFEF89D45C 0x00000001bf53b000 /System/Library/Frameworks/NetFS.framework/Versions/A/NetFS 
[260] C92A99B4-4ADF-3935-8B99-B0440F294894 0x00000001f8ca6000 /System/Library/Frameworks/ExtensionFoundation.framework/Versions/A/ExtensionFoundation 
[261] 1DEC2A76-1D0E-388A-8B33-89A87FDD508F 0x00000001a31b6000 /System/Library/PrivateFrameworks/CoreUI.framework/Versions/A/CoreUI 
[262] 707F5439-E31E-3C6D-9177-6BFD177920F0 0x00000001aa393000 /System/Library/PrivateFrameworks/TextureIO.framework/Versions/A/TextureIO 
[263] 6CB4D988-C1A5-378D-A2DD-F0647D9D9BF1 0x00000001a59e1000 /System/Library/PrivateFrameworks/CoreSVG.framework/Versions/A/CoreSVG 
[264] F86B303D-BEB5-37F1-AE0C-EEEC5926DFD7 0x00000001d7956000 /usr/lib/swift/libswiftAccelerate.dylib 
[265] CF6ED93A-D59F-3714-95D0-1ED022DC9729 0x00000001ab5b4000 /System/Library/Frameworks/AudioToolbox.framework/Versions/A/AudioToolbox 
[266] 3573E5A3-0C97-33BD-82EC-8B2A0E152826 0x000000019c4fc000 /System/Library/PrivateFrameworks/AudioToolboxCore.framework/Versions/A/AudioToolboxCore 
[267] 1BFDB7EB-4E14-35BF-866B-74E6E6A12086 0x00000001ab758000 /System/Library/PrivateFrameworks/AudioSession.framework/Versions/A/AudioSession 
[268] CCB045B1-4CFC-3FBB-BDD7-44A103588428 0x00000001b5c98000 /System/Library/Frameworks/CoreMIDI.framework/Versions/A/CoreMIDI 
[269] 9F9BF287-F4F4-303F-88DE-22623A8D4623 0x00000001ab7b5000 /usr/lib/libAudioStatistics.dylib 
[270] A307BA82-97DE-37D1-99B7-BF68AC23C35C 0x00000001a529e000 /System/Library/PrivateFrameworks/caulk.framework/Versions/A/caulk 
[271] 214B90DC-87E8-30A8-B682-C2C1883F9635 0x000000019cabe000 /System/Library/Frameworks/CoreAudio.framework/Versions/A/CoreAudio 
[272] 94FA2E67-57D3-35B1-A5B6-62594481E769 0x00000001aa1ba000 /usr/lib/libAudioToolboxUtility.dylib 
[273] A0745B4D-38C0-34C4-AA05-8D4D274874F5 0x00000001a986e000 /System/Library/PrivateFrameworks/AppServerSupport.framework/Versions/A/AppServerSupport 
[274] ED318D59-2E86-38F0-B352-FCE9FD5BEEC2 0x00000001abbf2000 /System/Library/PrivateFrameworks/perfdata.framework/Versions/A/perfdata 
[275] 24144DD3-FFF1-364A-8359-05A83237BE1C 0x00000001c143b000 /System/Library/PrivateFrameworks/SystemPolicy.framework/Versions/A/SystemPolicy 
[276] E7EAB738-D9B0-3E10-913E-B8D053CD21EE 0x00000001aba91000 /usr/lib/libSMC.dylib 
[277] 4CF360A5-5BAE-396A-AB59-27C00980028E 0x00000001abc00000 /usr/lib/libperfcheck.dylib 
[278] 568509E7-2444-3AB9-A78B-9F36DA2BB2DE 0x000000023fc61000 /System/Library/PrivateFrameworks/AudioAnalytics.framework/Versions/A/AudioAnalytics 
[279] 9F44F557-BCC9-3C5F-BD15-2E2206E39272 0x00000001eb5a6000 /System/Library/PrivateFrameworks/FeatureFlags.framework/Versions/A/FeatureFlags 
[280] 464330D9-7AC7-3C6A-BA8E-27B51C699CD9 0x00000001c2205000 /usr/lib/libmis.dylib 
[281] EE046AC8-F1BC-3CA5-B283-506BB729ECC2 0x00000001a9748000 /System/Library/PrivateFrameworks/MediaExperience.framework/Versions/A/MediaExperience 
[282] 93F8C841-BA6F-31D0-8996-69FF23211C6D 0x00000001ab56b000 /System/Library/PrivateFrameworks/AudioSession.framework/libSessionUtility.dylib 
[283] 583EC52E-5E91-36A6-A211-279E04C9831A 0x00000001aa30c000 /System/Library/PrivateFrameworks/CMCaptureCore.framework/Versions/A/CMCaptureCore 
[284] 0497F1E3-5CB4-3AA0-857A-749962E90B5E 0x00000001a9884000 /usr/lib/libspindump.dylib 
[285] A1F67E67-A2B5-312E-A4A3-6A17F34217DF 0x00000001b1790000 /System/Library/PrivateFrameworks/CoreTime.framework/Versions/A/CoreTime 
[286] E31AB967-56EB-3D34-AA37-D38A41DB481A 0x00000001b03c5000 /System/Library/PrivateFrameworks/PowerLog.framework/Versions/A/PowerLog 
[287] 241CB917-CB8B-32B1-B33A-F365843B3754 0x00000001bc44c000 /usr/lib/libAccessibility.dylib 
[288] 9EF08E2F-1CC8-3D65-B4E4-EAF081BC478C 0x00000001af709000 /System/Library/Frameworks/MediaAccessibility.framework/Versions/A/MediaAccessibility 
[289] 11749B78-DC74-3B8A-8890-61C8DD086080 0x00000002701c2000 /System/Library/PrivateFrameworks/VideoToolboxParavirtualizationSupport.framework/Versions/A/VideoToolboxParavirtualizationSupport 
[290] DAC92E71-70A8-37FA-878E-8273FEE284A6 0x00000001a95f9000 /System/Library/PrivateFrameworks/AppleVA.framework/Versions/A/AppleVA 
[291] AB226465-3437-36E3-93F0-C0A3478D132B 0x00000001b02d4000 /System/Library/Frameworks/CoreBluetooth.framework/Versions/A/CoreBluetooth 
[292] 4B44CEE7-1F08-3BC7-B65B-340DD2F79F04 0x00000001f75d6000 /System/Library/Frameworks/AVFAudio.framework/Versions/A/AVFAudio 
[293] 2C77A5DA-AD28-3022-9151-2465F2AF87AC 0x00000001a93d8000 /usr/lib/libIOReport.dylib 
[294] 90625AE8-01B2-3B79-9E84-F4A9286DB7A3 0x000000023f87c000 /System/Library/PrivateFrameworks/AppleMobileFileIntegrity.framework/Versions/A/AppleMobileFileIntegrity 
[295] C0673608-67FF-3277-B1FF-407B0803EDC6 0x00000001f3fb1000 /System/Library/PrivateFrameworks/ConfigProfileHelper.framework/Versions/A/ConfigProfileHelper 
[296] 7C6D81B8-3188-347D-9DA9-8074CA92F7A0 0x00000001a7165000 /usr/lib/libmecab.dylib 
[297] 9910908E-1FB4-35A3-9FC7-5C88FD5DC388 0x0000000255154000 /System/Library/PrivateFrameworks/IsolatedCoreAudioClient.framework/Versions/A/IsolatedCoreAudioClient 
[298] 23BED04A-DE8E-3952-B04E-4C32E340DD34 0x00000001ad081000 /System/Library/Frameworks/IOBluetooth.framework/Versions/A/IOBluetooth 
[299] E01CAF3D-236D-347A-8FD5-1BF07A83F26A 0x000000026c9a0000 /System/Library/PrivateFrameworks/Tightbeam.framework/Versions/A/Tightbeam 
[300] 10C2BF36-B476-3251-ABD2-C90FD59CB757 0x00000001d801a000 /System/Library/PrivateFrameworks/AFKUser.framework/Versions/A/AFKUser 
[301] 7AFD843A-1E12-3AF6-9FE8-5DCDC0A565CE 0x00000001b3a0d000 /System/Library/Frameworks/AudioUnit.framework/Versions/A/AudioUnit 
[302] A8FA21C4-42EE-325A-B114-F2E0202320C5 0x00000001aa29e000 /System/Library/PrivateFrameworks/GPUWrangler.framework/Versions/A/GPUWrangler 
[303] 62EC4ABA-542F-3C8E-9B70-ED243C053931 0x00000001aa27e000 /System/Library/PrivateFrameworks/IOPresentment.framework/Versions/A/IOPresentment 
[304] D09319DE-EB4A-33A6-9496-DFB35DA2C956 0x00000001aa2a6000 /System/Library/PrivateFrameworks/DSExternalDisplay.framework/Versions/A/DSExternalDisplay 
[305] 46CEF889-1D1C-351C-B617-7EC20152D174 0x000000019b0bf000 /usr/lib/libCRFSuite.dylib 
[306] 0A576909-71AA-301C-9723-0D5934A7E39D 0x00000001a6224000 /System/Library/PrivateFrameworks/CoreNLP.framework/Versions/A/CoreNLP 
[307] 1DCFC156-828E-3125-B0F3-A80310A83E33 0x00000001a71c6000 /usr/lib/libgermantok.dylib 
[308] 7DD4FA2E-21F8-3E2B-8522-E4C92E4BB99C 0x00000001a7ea1000 /usr/lib/libThaiTokenizer.dylib 
[309] CF4790DD-0363-3D84-918F-586280C7B6DD 0x00000001b04b5000 /System/Library/PrivateFrameworks/MediaKit.framework/Versions/A/MediaKit 
[310] 3F138300-72BA-3AAE-A35C-FA0A07FC116B 0x00000001b0400000 /System/Library/Frameworks/DiscRecording.framework/Versions/A/DiscRecording 
[311] C21B1F1D-F71F-3B86-8D74-247C87D7CD63 0x00000001abbd2000 /System/Library/PrivateFrameworks/NetAuth.framework/Versions/A/NetAuth 
[312] E17461AF-3BCD-371F-8303-9E64DB168069 0x00000001a3636000 /System/Library/PrivateFrameworks/login.framework/Versions/A/Frameworks/loginsupport.framework/Versions/A/loginsupport 
[313] 6D045465-1D73-3E87-B4D8-DD268F2320F2 0x00000001b31b9000 /usr/lib/libcurl.4.dylib 
[314] 3FDC0A45-F59E-3966-954B-6D5084BDF6A6 0x000000027a143000 /usr/lib/libcrypto.46.dylib 
[315] 4B29315F-CF5C-33F9-AAC3-D3D48011E359 0x000000027a690000 /usr/lib/libssl.48.dylib 
[316] 24E444D5-0AFA-3907-A351-C49D127A2359 0x00000001b2e8d000 /System/Library/Frameworks/LDAP.framework/Versions/A/LDAP 
[317] 7DBBBDA0-3E54-3F81-A0D3-460C09E82242 0x00000001abc0e000 /System/Library/Frameworks/Kerberos.framework/Versions/A/Kerberos 
[318] A61BB7D6-C707-33CA-A0A3-1F183C2DAFFA 0x00000001b2ec9000 /System/Library/PrivateFrameworks/TrustEvaluationAgent.framework/Versions/A/TrustEvaluationAgent 
[319] 414D826D-F1AA-3315-9C6C-B6B79EF2FDC3 0x00000001ab894000 /usr/lib/libsasl2.2.dylib 
[320] 552F31FA-51A1-30D9-9740-94588873A914 0x00000001ab87b000 /usr/lib/libresolv.9.dylib 
[321] D7424264-0BE6-3FED-9C6F-427B03D1E905 0x00000001a988b000 /System/Library/PrivateFrameworks/Heimdal.framework/Versions/A/Heimdal 
[322] AC70F1FE-1431-30BB-82BF-9CECA2339140 0x00000001b3a0c000 /System/Library/Frameworks/Kerberos.framework/Versions/A/Libraries/libHeimdalProxy.dylib 
[323] 90BB26F0-F71C-398E-9F6C-882DC3388063 0x00000001abc7b000 /System/Library/PrivateFrameworks/CommonAuth.framework/Versions/A/CommonAuth 
[324] B3D83440-97EA-3E1A-9F75-4AD6D66A47F5 0x00000001a712f000 /usr/lib/libCheckFix.dylib 
[325] E758C584-F7F6-3484-AF84-06E9DFCA1D21 0x00000001a28cd000 /System/Library/PrivateFrameworks/MetadataUtilities.framework/Versions/A/MetadataUtilities 
[326] 33C949F0-4F22-3E1A-A628-AB938FDBF953 0x000000025257e000 /System/Library/PrivateFrameworks/InstalledContentLibrary.framework/Versions/A/InstalledContentLibrary 
[327] F05A3728-86E9-362C-A3D2-915CF8CE0BEB 0x000000019dc06000 /System/Library/PrivateFrameworks/CoreServicesStore.framework/Versions/A/CoreServicesStore 
[328] 138B5A31-DC0D-362A-BCC6-D3E9FA7706E3 0x00000001a349d000 /usr/lib/libapp_launch_measurement.dylib 
[329] 4B77859F-005B-37CC-AF62-EA090BE1F069 0x00000001d3920000 /System/Library/PrivateFrameworks/MobileSystemServices.framework/Versions/A/MobileSystemServices 
[330] F067D19F-E16B-3BA8-BE8C-AAA5C2D8E623 0x00000001a9296000 /usr/lib/libxslt.1.dylib 
[331] CB108F05-CBA5-3895-8FA5-DED7EF57E2EE 0x00000001e464d000 /System/Library/PrivateFrameworks/HIDDisplay.framework/Versions/A/HIDDisplay 
[332] 42F72FDA-C467-32D6-AA2A-EA0442331477 0x00000001bb160000 /System/Library/PrivateFrameworks/HID.framework/Versions/A/HID 
[333] 892FA976-3252-3AE6-B871-DEFFDD2E8B16 0x00000001aa2d7000 /System/Library/Frameworks/ApplicationServices.framework/Versions/A/Frameworks/ATSUI.framework/Versions/A/ATSUI 
[334] 1B9754D9-12A8-3E3A-B145-857AC8EAF27B 0x00000001abb72000 /usr/lib/libcups.2.dylib 
[335] F14488D6-BD44-386B-AC10-D58CE772D193 0x00000001bc38f000 /System/Library/PrivateFrameworks/AXCoreUtilities.framework/Versions/A/AXCoreUtilities 
[336] 2A39C289-288F-3E6A-9CFC-B380584E34FE 0x00000001ca659000 /System/Library/PrivateFrameworks/AttributeGraph.framework/Versions/A/AttributeGraph 
[337] F3B23944-D8AA-303C-9E63-B22708752AE1 0x0000000279b64000 /usr/lib/libAXSafeCategoryBundle.dylib 
[338] 660BF352-26D9-342D-A944-CE2651F3B2F9 0x00000001a342e000 /System/Library/PrivateFrameworks/PerformanceAnalysis.framework/Versions/A/PerformanceAnalysis 
[339] 5CF5E4D5-83EB-3DE5-9C93-E41D7A9DDA80 0x00000001af009000 /System/Library/PrivateFrameworks/SpeechRecognitionCore.framework/Versions/A/SpeechRecognitionCore 
[340] BD75D4F3-FB24-335B-9991-A4DA1CA82AB2 0x00000001b1169000 /System/Library/PrivateFrameworks/FrontBoardServices.framework/Versions/A/FrontBoardServices 
[341] 33FC89DA-740C-306C-AC64-81BFE4268657 0x00000001b2e33000 /System/Library/PrivateFrameworks/BackBoardServices.framework/Versions/A/BackBoardServices 
[342] 8923E720-4E8E-39BC-9FA3-6D7DDFB42735 0x00000001a6e04000 /System/Library/PrivateFrameworks/CoreEmoji.framework/Versions/A/CoreEmoji 
[343] 5DFB89DD-612C-34BC-8B7C-96BCDF616137 0x00000001b12df000 /System/Library/PrivateFrameworks/GraphicsServices.framework/Versions/A/GraphicsServices 
[344] 79EF0138-8495-3D0B-BC6C-A7B185A742C2 0x00000001a104f000 /System/Library/Frameworks/CoreData.framework/Versions/A/CoreData 
[345] DFF8ACED-11E6-3C47-8C72-77E8B67CC399 0x00000001a96b6000 /System/Library/PrivateFrameworks/IconServices.framework/Versions/A/IconServices 
[346] 610F3DE9-BA24-3C09-B07A-9108CE830D54 0x00000001f85b8000 /System/Library/Frameworks/CoreTransferable.framework/Versions/A/CoreTransferable 
[347] DBF2F73F-E6A1-3EF4-AFFE-D29ED708EB3E 0x00000001a9669000 /System/Library/PrivateFrameworks/IconFoundation.framework/Versions/A/IconFoundation 
[348] 8AA44960-3147-359E-81F1-E6F0DE19D2B3 0x00000001abde8000 /System/Library/PrivateFrameworks/CorePhoneNumbers.framework/Versions/A/CorePhoneNumbers 
[349] BEA7861B-CA1D-3795-99D0-DD8CEED5DBE8 0x00000001c22bf000 /usr/lib/swift/libswiftCoreImage.dylib 
[350] 62EF234A-8866-3560-959B-92C955A178C6 0x00000001aa44b000 /System/Library/PrivateFrameworks/DataDetectorsCore.framework/Versions/A/DataDetectorsCore 
[351] 18A3ADAB-9112-34B5-BE04-AE74613666D5 0x00000001c5ae1000 /System/Library/PrivateFrameworks/TextInput.framework/Versions/A/TextInput 
[352] EE3427E1-5CCA-3C01-99AF-BD5D17303540 0x000000019f1d4000 /System/Library/PrivateFrameworks/UIFoundation.framework/Versions/A/UIFoundation 
[353] B88A44C1-D617-33DC-90ED-B6AB417C428E 0x000000019dd97000 /System/Library/Frameworks/AppKit.framework/Versions/C/AppKit 
[354] 8A7AC72D-B3AF-3FD3-9EAF-C41C843D3B23 0x0000000242ecf000 /System/Library/PrivateFrameworks/CollectionViewCore.framework/Versions/A/CollectionViewCore 
[355] 6020E16B-B27F-3574-BF69-1A245DAD37F8 0x00000001aefe1000 /System/Library/PrivateFrameworks/RemoteViewServices.framework/Versions/A/RemoteViewServices 
[356] 4C89BB62-965F-3047-9B04-766E2893B23F 0x00000001a59db000 /System/Library/PrivateFrameworks/XCTTargetBootstrap.framework/Versions/A/XCTTargetBootstrap 
[357] 49BE8BDF-DF45-36DD-9CFE-BAFEA96B67B2 0x00000001aa49a000 /System/Library/PrivateFrameworks/UserActivity.framework/Versions/A/UserActivity 
[358] 69A74D20-63D2-3B48-AFD2-04AC75EBBA4C 0x000000026e753000 /System/Library/PrivateFrameworks/UIIntelligenceSupport.framework/Versions/A/UIIntelligenceSupport 
[359] DAC7A57B-D767-339A-A565-2EB382E758AA 0x0000000239298000 /System/Library/Frameworks/SwiftUICore.framework/Versions/A/SwiftUICore 
[360] EAFEC1DB-9454-3ED5-AF51-EB7C7D53A178 0x0000000273704000 /System/Library/PrivateFrameworks/WritingTools.framework/Versions/A/WritingTools 
[361] B4C658EF-EE12-3371-AF90-D8B6CA3B736B 0x0000000272757000 /System/Library/PrivateFrameworks/WindowManagement.framework/Versions/A/WindowManagement 
[362] DBC4CBA7-B949-3A9C-8A9E-8A256062384B 0x00000001a59c6000 /System/Library/PrivateFrameworks/DFRFoundation.framework/Versions/A/DFRFoundation 
[363] C0001539-DF22-3CFE-8028-4BC2FC096D6B 0x00000001ba4c9000 /System/Library/PrivateFrameworks/RenderBox.framework/Versions/A/RenderBox 
[364] DCB63F68-0667-3C58-831A-2BE9A97F8D9F 0x00000001af390000 /System/Library/Frameworks/Accessibility.framework/Versions/A/Accessibility 
[365] A0E3DCFF-B52D-3CB1-A6AC-B64F94751628 0x00000001f8b57000 /System/Library/Frameworks/DeveloperToolsSupport.framework/Versions/A/DeveloperToolsSupport 
[366] B58142FC-9546-3E74-BB26-8185DAF4F34B 0x0000000239eb2000 /System/Library/Frameworks/Symbols.framework/Versions/A/Symbols 
[367] ED4B0520-CA28-3FF2-A744-7AE71C4204CC 0x00000001bfa0d000 /usr/lib/swift/libswiftCoreGraphics.dylib 
[368] A5A93E7C-974B-3AA0-AD8B-42A9D8A79AC9 0x00000001afd43000 /usr/lib/swift/libswiftFoundation.dylib 
[369] B3F3CD9D-B150-3887-9F74-98777F36A90E 0x00000001f3a68000 /usr/lib/swift/libswiftSwiftOnoneSupport.dylib 
[370] D24901C3-6BD6-3CC7-AF9E-2E08AB3DDE7A 0x00000001e0d16000 /System/Library/PrivateFrameworks/CoreMaterial.framework/Versions/A/CoreMaterial 
[371] F0CF98AB-24D8-3E4C-BFA0-BC1FBBA8FB0A 0x00000002611a2000 /System/Library/PrivateFrameworks/SFSymbols.framework/Versions/A/SFSymbols 
[372] D682448F-C7A6-3F2A-9231-4D24EF08A8E4 0x0000000279b68000 /usr/lib/libAccessibilityBaseImplementations.dylib 
[373] 0C88E2ED-0CA8-374B-9942-812CAE5F6030 0x0000000103718000 /Users/tkgmac/Documents/SBY_OST_Tool.app/Contents/Frameworks/Python 
[374] BDECDF4C-37DA-3643-AE44-C0D4DA4E4611 0x00000001031c4000 /Users/tkgmac/Documents/SBY_OST_Tool.app/Contents/Frameworks/lib-dynload/_struct.cpython-312-darwin.so 
[375] D41B6E7E-62C0-3DCA-8A4D-A5D709188D47 0x00000001031e0000 /Users/tkgmac/Documents/SBY_OST_Tool.app/Contents/Frameworks/lib-dynload/zlib.cpython-312-darwin.so 
[376] 5A5E32ED-94A8-3781-BF76-6ED789122E96 0x000000010322c000 /Users/tkgmac/Documents/SBY_OST_Tool.app/Contents/Frameworks/lib-dynload/_ctypes.cpython-312-darwin.so 
[377] C905DE64-6119-31B9-82B5-4B11A44D90B3 0x00000001abf3f000 /usr/lib/libffi.dylib 
[378] FD5CBF9C-A4BF-35D9-B137-38378B67078C 0x00000001031fc000 /Users/tkgmac/Documents/SBY_OST_Tool.app/Contents/Frameworks/lib-dynload/_opcode.cpython-312-darwin.so 
[379] 668F331C-0C46-34AD-B662-782D41407FB9 0x0000000103210000 /Users/tkgmac/Documents/SBY_OST_Tool.app/Contents/Frameworks/lib-dynload/binascii.cpython-312-darwin.so 
[380] C06482B4-7B9E-3EA3-87BA-2A19821FF549 0x000000010345c000 /Users/tkgmac/Documents/SBY_OST_Tool.app/Contents/Frameworks/lib-dynload/_bz2.cpython-312-darwin.so 
[381] 7873221E-C849-349B-A09B-AD57E772D172 0x00000001034b4000 /Users/tkgmac/Documents/SBY_OST_Tool.app/Contents/Frameworks/lib-dynload/_lzma.cpython-312-darwin.so 
[382] 4549D567-7CC2-340C-91AD-DE63607F52B0 0x0000000103490000 /Users/tkgmac/Documents/SBY_OST_Tool.app/Contents/Frameworks/lib-dynload/math.cpython-312-darwin.so 
[383] 878DFB33-5839-3252-BA17-B3AC6E6AF559 0x0000000103470000 /Users/tkgmac/Documents/SBY_OST_Tool.app/Contents/Frameworks/lib-dynload/_bisect.cpython-312-darwin.so 
[384] 71398EEF-8493-3DD1-AE5C-56D7215008C8 0x00000001035f8000 /Users/tkgmac/Documents/SBY_OST_Tool.app/Contents/Frameworks/lib-dynload/_random.cpython-312-darwin.so 
[385] D3DE0D5E-0BAC-3241-ACA6-8392C15017AC 0x000000010360c000 /Users/tkgmac/Documents/SBY_OST_Tool.app/Contents/Frameworks/lib-dynload/_sha2.cpython-312-darwin.so 
[386] D60066CA-DE52-3FC1-B28E-486D7E3F4BC5 0x0000000103624000 /Users/tkgmac/Documents/SBY_OST_Tool.app/Contents/Frameworks/shiboken6/Shiboken.abi3.so 
[387] 7323DA8C-3E78-3560-BCAB-8D7BD524900E 0x0000000103e8c000 /Users/tkgmac/Documents/SBY_OST_Tool.app/Contents/Frameworks/libshiboken6.abi3.6.7.dylib 
[388] D355DF6E-43C2-3D7B-9F32-0CE5EAF9C5D6 0x00000001a160a000 /System/Library/Frameworks/Accounts.framework/Versions/A/Accounts 
[389] EA56B2FA-00F8-38CB-826D-340CD344B07B 0x00000001b3242000 /System/Library/PrivateFrameworks/AppSupport.framework/Versions/A/AppSupport 
[390] BFB61866-2714-344C-A0B6-3B8BF722C5C0 0x00000001c1239000 /System/Library/Frameworks/AVFoundation.framework/Versions/A/AVFoundation 
[391] 7404F2AD-EB2A-3951-8E93-4CC4ACE2B341 0x00000001b3a6a000 /System/Library/PrivateFrameworks/DuetActivityScheduler.framework/Versions/A/DuetActivityScheduler 
[392] B6846260-037D-336C-B2CE-25F348BFCDE3 0x00000001c1d37000 /System/Library/PrivateFrameworks/FTServices.framework/Versions/A/FTServices 
[393] 00E1D593-93F9-3AE6-A12C-A9D98B304545 0x00000001b3a30000 /System/Library/PrivateFrameworks/StreamingZip.framework/Versions/A/StreamingZip 
[394] 44CCDB11-8401-305B-BB05-5796D087443B 0x00000001b2ba7000 /System/Library/PrivateFrameworks/CoreWiFi.framework/Versions/A/CoreWiFi 
[395] 8784DD87-2DD1-3C7F-8CC5-F543D5EF65F6 0x00000001abc8e000 /System/Library/PrivateFrameworks/MobileAsset.framework/Versions/A/MobileAsset 
[396] 3E06059D-F0C2-3CBB-8578-5A0DC274A32B 0x00000001b179b000 /System/Library/PrivateFrameworks/Rapport.framework/Versions/A/Rapport 
[397] 17B09174-E1CB-3EFA-9E61-95BF400F264C 0x000000027a36f000 /usr/lib/libmrc.dylib 
[398] C80CCF29-85EF-300F-A15F-786863EECD78 0x0000000252391000 /System/Library/PrivateFrameworks/IPConfiguration.framework/Versions/A/IPConfiguration 
[399] CFB953F9-A6FE-3837-B2E4-FAAB74672EE4 0x00000001e0cda000 /System/Library/PrivateFrameworks/Netrb.framework/Versions/A/Netrb 
[400] 0E7EC8DE-0873-3616-8976-5114481C88B9 0x00000001eb62d000 /System/Library/PrivateFrameworks/WiFiPeerToPeer.framework/Versions/A/WiFiPeerToPeer 
[401] F25B693F-3FF9-3E28-91A5-BC0B5DB4F22A 0x00000001c8a40000 /System/Library/PrivateFrameworks/SoftwareUpdateCoreSupport.framework/Versions/A/SoftwareUpdateCoreSupport 
[402] A284EA69-43C8-383E-B9BF-3F3D992882DB 0x00000001d0331000 /System/Library/PrivateFrameworks/SoftwareUpdateCoreConnect.framework/Versions/A/SoftwareUpdateCoreConnect 
[403] 028A0BE1-7F77-3015-9278-767DCCA157F6 0x00000001b30f8000 /System/Library/PrivateFrameworks/RemoteServiceDiscovery.framework/Versions/A/RemoteServiceDiscovery 
[404] C6D495D0-DF76-3011-BC7D-045C0D7FF174 0x00000001c86cd000 /System/Library/PrivateFrameworks/MSUDataAccessor.framework/Versions/A/MSUDataAccessor 
[405] 9AD0177F-5BD0-35EB-9E33-D11B805E34ED 0x00000001c406e000 /usr/lib/libbootpolicy.dylib 
[406] BC05FC36-81B1-3E8B-898D-4030FDF8D6DC 0x00000001b310e000 /System/Library/PrivateFrameworks/RemoteXPC.framework/Versions/A/RemoteXPC 
[407] 2C1909CA-FB68-3D2B-978B-EA048C32AD9F 0x00000001cf752000 /usr/lib/libFDR.dylib 
[408] 7E644B88-575F-37B9-91D6-43F2793B7D52 0x00000001d4d5b000 /usr/lib/libamsupport.dylib 
[409] 9EEF0EB1-A577-3503-8AF4-16F116E7591B 0x0000000279ebc000 /usr/lib/libReverseProxyDevice.dylib 
[410] 6BCA4E39-3928-369C-9C89-FD752893E93C 0x000000023f0c2000 /System/Library/PrivateFrameworks/AppleDeviceQuerySupport.framework/Versions/A/AppleDeviceQuerySupport 
[411] 5822B6D8-42FB-34C5-A1C1-4170BE56FBA3 0x00000001d7b51000 /usr/lib/libpartition2_dynamic.dylib 
[412] 8AEE99DE-D865-33CB-94E1-A3451B260A97 0x00000001a7b0d000 /System/Library/Frameworks/UserNotifications.framework/Versions/A/UserNotifications 
[413] D5D51107-0B74-3708-9CD2-89BD90970AC1 0x00000001abdf2000 /usr/lib/libTelephonyUtilDynamic.dylib 
[414] 9941CC3F-37A3-3D8F-B38C-3F08D593771B 0x00000001b03b5000 /System/Library/PrivateFrameworks/SymptomDiagnosticReporter.framework/Versions/A/SymptomDiagnosticReporter 
[415] 02D82078-5E80-3ACF-8ABE-114A82E0528B 0x00000001e6a1d000 /System/Library/Frameworks/CryptoKit.framework/Versions/A/CryptoKit 
[416] 29A3FD89-F5E6-36DD-96B7-2E54D0B3E299 0x00000001b3a08000 /System/Library/PrivateFrameworks/CryptoKitCBridging.framework/Versions/A/CryptoKitCBridging 
[417] CF10D9F9-DB16-31A8-8DA6-9032AA7BAA8C 0x00000001b12f2000 /System/Library/Frameworks/CryptoTokenKit.framework/Versions/A/CryptoTokenKit 
[418] 9BFDD137-1222-3BDA-80B0-2EF56A885C9E 0x00000001db63d000 /usr/lib/swift/libswiftCryptoTokenKit.dylib 
[419] 691D2454-FF90-30F5-81C6-519F317A49FF 0x00000001b1355000 /System/Library/Frameworks/LocalAuthentication.framework/Versions/A/LocalAuthentication 
[420] EBBA0DB6-5E6D-3F9F-B505-166632EDD0D1 0x0000000256467000 /System/Library/PrivateFrameworks/LocalAuthenticationCore.framework/Versions/A/LocalAuthenticationCore 
[421] 745707D2-8DBD-3408-B294-3B3F017A267A 0x00000001b13aa000 /System/Library/Frameworks/LocalAuthentication.framework/Support/SharedUtils.framework/Versions/A/SharedUtils 
[422] BC1EC70B-AD31-3544-A0BC-F1E12089AE7B 0x00000001b07d3000 /System/Library/PrivateFrameworks/GenerationalStorage.framework/Versions/A/GenerationalStorage 
[423] B682A6DA-C42D-3E00-A515-17E255CDDF59 0x00000001b3b41000 /System/Library/Frameworks/QuickLookThumbnailing.framework/Versions/A/QuickLookThumbnailing 
[424] 89FB864F-DDFE-3DEF-840A-4518E0C2454F 0x00000001b060e000 /System/Library/Frameworks/FileProvider.framework/Versions/A/FileProvider 
[425] 41B81C2B-6EC7-3F27-97E5-88D7CD5A0778 0x000000019f39c000 /System/Library/PrivateFrameworks/DesktopServicesPriv.framework/Versions/A/DesktopServicesPriv 
[426] 99165EE5-5BB7-3C5C-9ED7-03944E9510C5 0x000000027a8ce000 /usr/lib/swift/libswiftFileProvider.dylib 
[427] E48F20AE-B249-3B9C-BDA5-A6834879DF20 0x00000001a4e89000 /System/Library/Frameworks/CoreLocation.framework/Versions/A/CoreLocation 
[428] 719DFDD6-141C-32DC-85C9-A0B40F06A0B8 0x00000001c73d3000 /System/Library/PrivateFrameworks/SiriInstrumentation.framework/Versions/A/SiriInstrumentation 
[429] D2B10BFD-560B-3958-822E-E3FA72A27664 0x00000002624ad000 /System/Library/PrivateFrameworks/SiriAnalytics.framework/Versions/A/SiriAnalytics 
[430] 16922D29-38F6-3B6C-8070-543217D66C47 0x00000001c513f000 /System/Library/PrivateFrameworks/FeedbackLogger.framework/Versions/A/FeedbackLogger 
[431] 1DFD3E5B-22EA-3359-81E2-405A121A6D0E 0x00000001b4a77000 /System/Library/PrivateFrameworks/ProactiveSupport.framework/Versions/A/ProactiveSupport 
[432] DDD3300F-74C8-3049-844E-292CC863241D 0x000000024023c000 /System/Library/PrivateFrameworks/BiomeLibrary.framework/Versions/A/BiomeLibrary 
[433] D3A3DA40-194D-38A2-BA53-F016595FEBA9 0x00000001cf869000 /System/Library/PrivateFrameworks/BiomeStreams.framework/Versions/A/BiomeStreams 
[434] 9670C90E-A0E1-358E-BAAF-F809DA332B24 0x00000001ac841000 /System/Library/PrivateFrameworks/IDS.framework/Versions/A/IDS 
[435] 6FC6FB9C-31F4-32F3-876A-A6885D6B48D1 0x00000001a97f7000 /System/Library/PrivateFrameworks/PersistentConnection.framework/Versions/A/PersistentConnection 
[436] 485ACE14-9E1E-3AC4-85CD-D2A52DEAE99E 0x00000001ab4b9000 /System/Library/PrivateFrameworks/IMFoundation.framework/Versions/A/IMFoundation 
[437] E0AF7BC7-2015-3353-B17F-AD5B831502D4 0x00000001bb95a000 /System/Library/PrivateFrameworks/Marco.framework/Versions/A/Marco 
[438] 23BC14D3-C9F6-3C94-ACD8-40A87E496103 0x00000001aca07000 /System/Library/PrivateFrameworks/IDSFoundation.framework/Versions/A/IDSFoundation 
[439] 376FA3B7-B1BA-3D6D-99E4-A36A34C7DA1D 0x00000001a168d000 /System/Library/PrivateFrameworks/CommonUtilities.framework/Versions/A/CommonUtilities 
[440] 021AD625-6B18-3AA9-82CC-E4ACCD9A5F82 0x00000001b8265000 /System/Library/PrivateFrameworks/Engram.framework/Versions/A/Engram 
[441] 96C75B18-2440-3C84-A34D-78348AA88F7F 0x00000001b8206000 /usr/lib/libtidy.A.dylib 
[442] 5439C702-5905-33B1-972A-39162A46910C 0x00000001a9b46000 /System/Library/PrivateFrameworks/Bom.framework/Versions/A/Bom 
[443] D3B3EB36-6264-3195-A019-D41763958CBB 0x00000001ab8b4000 /usr/lib/libParallelCompression.dylib 
[444] 1C78EF38-6941-37A1-9FBC-53F547AE4D7E 0x0000000279be7000 /usr/lib/libAppleArchive.dylib 
[445] ABD357C3-B78C-3D37-8108-7104F86784E1 0x00000001cf372000 /System/Library/PrivateFrameworks/FTAWD.framework/Versions/A/FTAWD 
[446] D830BCC7-9D4A-3F33-BC81-7567AD106878 0x00000001ad43d000 /System/Library/PrivateFrameworks/GeoServices.framework/Versions/A/GeoServices 
[447] EA37A98C-F5B0-322A-AF86-F612E6637D05 0x00000001ab533000 /System/Library/PrivateFrameworks/LocationSupport.framework/Versions/A/LocationSupport 
[448] 1789CAEC-0A6D-36DA-A4B7-6320DDD03C0E 0x000000024f98f000 /System/Library/PrivateFrameworks/GeoServicesCore.framework/Versions/A/GeoServicesCore 
[449] 396AFFA7-A9F8-3940-B25F-2C9AB31B1AFC 0x00000001bc383000 /System/Library/PrivateFrameworks/PhoneNumbers.framework/Versions/A/PhoneNumbers 
[450] 16A6E3B6-39E8-318D-A69B-9DBC66374E50 0x0000000246d6e000 /System/Library/PrivateFrameworks/Dendrite.framework/Versions/A/Dendrite 
[451] 67754CD3-2B00-39E5-9D1E-99E3E47E21E2 0x000000023fbd0000 /System/Library/PrivateFrameworks/AtomicsInternal.framework/Versions/A/AtomicsInternal 
[452] B3B914EC-78DC-395C-9F5E-3CDEEE957454 0x00000001d5123000 /System/Library/PrivateFrameworks/BiomeStorage.framework/Versions/A/BiomeStorage 
[453] 480D85F3-BB2C-3547-99D2-A46B0D90D90B 0x0000000254d9a000 /System/Library/PrivateFrameworks/IntelligencePlatformLibrary.framework/Versions/A/IntelligencePlatformLibrary 
[454] 66F07D2B-6B57-39C7-9D9F-259CE735A0F7 0x000000025ee83000 /System/Library/PrivateFrameworks/PoirotSchematizer.framework/Versions/A/PoirotSchematizer 
[455] E3E7E802-22AE-39BE-BF8B-0D6C18B3CF0A 0x000000024085f000 /System/Library/PrivateFrameworks/BiomeSync.framework/Versions/A/BiomeSync 
[456] A211D46E-20EF-3096-88B2-AF4B295B9135 0x000000024021d000 /System/Library/PrivateFrameworks/BiomeFlexibleStorage.framework/Versions/A/BiomeFlexibleStorage 
[457] DC716F79-CF65-3EFE-9E03-73E6BBEF9A10 0x00000001cc30c000 /System/Library/PrivateFrameworks/BiomeFoundation.framework/Versions/A/BiomeFoundation 
[458] 69C5BD57-62E3-337B-89BF-503B5D547FF0 0x0000000240202000 /System/Library/PrivateFrameworks/BiomeDSL.framework/Versions/A/BiomeDSL 
[459] D4766546-87D0-3AB1-A71C-27EFD9594DF5 0x00000001d50c6000 /System/Library/PrivateFrameworks/BiomePubSub.framework/Versions/A/BiomePubSub 
[460] 5B6470B9-2696-3118-8529-32B14C091EA0 0x000000025eef2000 /System/Library/PrivateFrameworks/PoirotUDFs.framework/Versions/A/PoirotUDFs 
[461] DDF268E3-37D3-3841-BBFD-099589988628 0x000000025ee52000 /System/Library/PrivateFrameworks/PoirotSQLite.framework/Versions/A/PoirotSQLite 
[462] D5AB03B8-B0A3-3BB8-806E-0374C1132245 0x00000001b3547000 /System/Library/PrivateFrameworks/InternationalTextSearch.framework/Versions/A/InternationalTextSearch 
[463] 67D339E0-371B-3FB7-91D0-D91046878737 0x0000000241c34000 /System/Library/PrivateFrameworks/CascadeSets.framework/Versions/A/CascadeSets 
[464] 762FFDDC-5193-3069-AB19-6632242AE873 0x00000001c1e53000 /System/Library/Frameworks/NaturalLanguage.framework/Versions/A/NaturalLanguage 
[465] 5B384580-F3BA-33EE-8120-769B018DA8E7 0x00000001c2c40000 /System/Library/PrivateFrameworks/Trial.framework/Versions/A/Trial 
[466] 91683D52-53DD-3DCE-991B-75AEE49B4260 0x00000001c2bc2000 /System/Library/PrivateFrameworks/TrialProto.framework/Versions/A/TrialProto 
[467] AACF32B6-2043-39C9-A7AD-C0FDD7A85B5D 0x00000001dd081000 /usr/lib/swift/libswiftAVFoundation.dylib 
[468] 2B639266-E986-3E6B-B50D-6EE350C744F1 0x00000001c223d000 /usr/lib/swift/libswiftCoreAudio.dylib 
[469] 61368588-5132-33E5-BB2D-C78C93E6B7FD 0x00000001c80ab000 /usr/lib/swift/libswiftCoreMIDI.dylib 
[470] 96C6AA47-3E1B-30EF-9F72-1D9822A39713 0x00000001db63f000 /usr/lib/swift/libswiftCoreMedia.dylib 
[471] C592A607-176A-3C59-9DC0-6751060B165B 0x00000001b3b8d000 /System/Library/PrivateFrameworks/Espresso.framework/Versions/A/Espresso 
[472] A3147C7A-214F-361F-990F-D47AF9E096BA 0x00000001a3b37000 /System/Library/Frameworks/CoreML.framework/Versions/A/CoreML 
[473] 58DD74B3-23A8-3FE2-82DF-C393C75F4926 0x00000001b0ee2000 /System/Library/PrivateFrameworks/AVFCore.framework/Versions/A/AVFCore 
[474] 2CDC82B1-6577-317A-877C-F67E2EBC0C00 0x00000001b9bc5000 /System/Library/PrivateFrameworks/AVFCapture.framework/Versions/A/AVFCapture 
[475] 1005D5B1-A18A-3133-94C7-FA613857F0AE 0x00000001aa508000 /System/Library/Frameworks/MediaToolbox.framework/Versions/A/MediaToolbox 
[476] E9EEBC06-16C6-39DC-86D4-7C23CE857735 0x00000001b05db000 /System/Library/PrivateFrameworks/CoreAVCHD.framework/Versions/A/CoreAVCHD 
[477] 05D3B1B6-0197-34D5-857D-56A9DCFFD32A 0x00000001b05d7000 /System/Library/PrivateFrameworks/Mangrove.framework/Versions/A/Mangrove 
[478] CAAE6290-9557-3618-A86C-D3345D3BF663 0x0000000241588000 /System/Library/PrivateFrameworks/CMPhoto.framework/Versions/A/CMPhoto 
[479] 3F7B093C-5EAE-30DA-89FB-DA075A5A73F2 0x00000001b0d20000 /System/Library/Frameworks/CoreTelephony.framework/Versions/A/CoreTelephony 
[480] A531775D-F24E-329F-9651-78DF46B55985 0x00000001b05ca000 /System/Library/PrivateFrameworks/CoreAUC.framework/Versions/A/CoreAUC 
[481] A36D0448-3A22-393E-BD53-CB494BC0287E 0x000000023f4a3000 /System/Library/PrivateFrameworks/AppleJPEGXL.framework/Versions/A/AppleJPEGXL 
[482] 293B1202-0AFA-3A18-B8FE-2686D188E1DE 0x00000002413ff000 /System/Library/PrivateFrameworks/CMImaging.framework/Versions/A/CMImaging 
[483] 0DFF6E9F-BE36-318F-8FE6-44B83FE205AF 0x00000001b9dd1000 /System/Library/PrivateFrameworks/Quagga.framework/Versions/A/Quagga 
[484] 90AE4E83-D3A9-324D-B57E-02208BCD5719 0x00000001b9f09000 /System/Library/PrivateFrameworks/CMCapture.framework/Versions/A/CMCapture 
[485] D33B44EF-DACC-3461-8D4A-3E82393C0737 0x00000001ab987000 /System/Library/Frameworks/CoreMediaIO.framework/Versions/A/CoreMediaIO 
[486] FC4914C8-3702-3A4D-A64B-F4438205304A 0x00000001f45ca000 /System/Library/PrivateFrameworks/ANECompiler.framework/Versions/A/ANECompiler 
[487] 78D2A338-F9EA-3334-8513-A2691C6FC438 0x00000001b5b1b000 /System/Library/PrivateFrameworks/AppleNeuralEngine.framework/Versions/A/AppleNeuralEngine 
[488] 1DDF741E-6338-3D80-835F-EC531829B779 0x00000001fae30000 /System/Library/Frameworks/MetalPerformanceShadersGraph.framework/Versions/A/MetalPerformanceShadersGraph 
[489] 5EF76ADB-F725-3BEF-86BB-F6B5BF9035FA 0x0000000256f0a000 /System/Library/PrivateFrameworks/MLCompilerServices.framework/Versions/A/MLCompilerServices 
[490] CF5BD0B8-002C-3965-8FBB-00745AB79457 0x00000001b4a4b000 /System/Library/PrivateFrameworks/ANEServices.framework/Versions/A/ANEServices 
[491] 267590D6-6E96-3A7D-8EFC-9EE279C35FE1 0x00000001c6d65000 /usr/lib/libncurses.5.4.dylib 
[492] 42DABA39-91FF-35F9-86E0-4E33A5494535 0x000000019dd3b000 /usr/lib/libsandbox.1.dylib 
[493] A4B704FA-77D3-3D7D-BBC3-55B88C1C9193 0x00000001a9581000 /usr/lib/libMatch.1.dylib 
[494] 9D40DA73-12AD-3DDE-B290-791C903D6452 0x0000000256ea8000 /System/Library/PrivateFrameworks/MLCompilerRuntime.framework/Versions/A/MLCompilerRuntime 
[495] 91BA60BC-2953-37E7-B506-BC96BE08DB2E 0x000000024206b000 /System/Library/PrivateFrameworks/CinematicFraming.framework/Versions/A/CinematicFraming 
[496] C02EA10D-0126-3D30-91A6-EB52EB077A0F 0x00000001c0e79000 /System/Library/Frameworks/CoreMotion.framework/Versions/A/CoreMotion 
[497] 60ECBB59-39FE-3001-80EF-581C3D17D43A 0x00000001cf7ee000 /System/Library/PrivateFrameworks/TimeSync.framework/Versions/A/TimeSync 
[498] 4BF45123-5C76-3198-A635-FE62FBD36538 0x00000002472ed000 /System/Library/PrivateFrameworks/DistributedSensing.framework/Versions/A/DistributedSensing 
[499] 97DFEFD4-76C2-3FAB-9FA8-88D5539A660A 0x00000001cb7aa000 /System/Library/PrivateFrameworks/MobileBluetooth.framework/Versions/A/MobileBluetooth 
[500] 851FC081-94E4-3FB3-8AB3-D225C980AD1C 0x00000001d12cd000 /System/Library/PrivateFrameworks/IOKitten.framework/Versions/A/IOKitten 
[501] 9A90B172-4033-31B9-B253-26DF45C69274 0x00000001a747f000 /System/Library/Frameworks/MLCompute.framework/Versions/A/MLCompute 
[502] 8C388F52-5D84-3980-A6A3-81F69608E216 0x0000000256d4d000 /System/Library/PrivateFrameworks/MLAssetIO.framework/Versions/A/MLAssetIO 
[503] 9AAE2655-5224-30E1-B2C6-B1E0240307B7 0x000000027a8dd000 /usr/lib/swift/libswiftMLCompute.dylib 
[504] 6F823EA7-C99B-3031-B47F-2EBFB387D807 0x000000019c219000 /System/Library/PrivateFrameworks/LanguageModeling.framework/Versions/A/LanguageModeling 
[505] 47541B70-0E3F-3986-A89E-70D319F2E8D7 0x00000001a0d1b000 /System/Library/PrivateFrameworks/Montreal.framework/Versions/A/Montreal 
[506] E0331BFD-14FA-3085-B237-360DF4B1F750 0x00000001a7d99000 /usr/lib/libcmph.dylib 
[507] 5670588A-1541-3ABB-8E12-E06C216A93BA 0x0000000258eab000 /System/Library/PrivateFrameworks/ModelCatalog.framework/Versions/A/ModelCatalog 
[508] B3987DD0-7BBA-3A1B-B1CD-B29441338140 0x00000001bbd6f000 /System/Library/PrivateFrameworks/ProactiveEventTracker.framework/Versions/A/ProactiveEventTracker 
[509] 7A99113F-41CB-3145-B94A-A406FC93B108 0x000000026ea59000 /System/Library/PrivateFrameworks/UnifiedAssetFramework.framework/Versions/A/UnifiedAssetFramework 
[510] D7453F6B-8FA9-3497-95EC-1DB9F34BBB68 0x000000023f125000 /System/Library/PrivateFrameworks/AppleFlatBuffers.framework/Versions/A/AppleFlatBuffers 
[511] 8EAD76C1-09A5-3A75-8F59-009AE4316B02 0x00000001b3611000 /System/Library/PrivateFrameworks/AppleAccount.framework/Versions/A/AppleAccount 
[512] B680918A-D77F-3D79-AD8F-7E0F544A1C78 0x000000023b60f000 /System/Library/PrivateFrameworks/AAAFoundation.framework/Versions/A/AAAFoundation 
[513] 820562EA-8690-3F82-85F4-1B29DA257742 0x00000001a3639000 /System/Library/PrivateFrameworks/ApplePushService.framework/Versions/A/ApplePushService 
[514] BD0E0CC3-089A-39BA-937F-37CDE4086590 0x00000001a7875000 /System/Library/PrivateFrameworks/AuthKit.framework/Versions/A/AuthKit 
[515] 0F2C8844-1435-363A-AB30-A98332224DE1 0x000000023b62a000 /System/Library/PrivateFrameworks/AAAFoundationSwift.framework/Versions/A/AAAFoundationSwift 
[516] AA570FD5-F834-3E89-B2E7-981CBF47B5A7 0x00000001b385d000 /System/Library/PrivateFrameworks/AppleIDSSOAuthentication.framework/Versions/A/AppleIDSSOAuthentication 
[517] 3619FC6B-7E81-342F-9026-0D559DD28303 0x00000001d6652000 /System/Library/PrivateFrameworks/DeviceIdentity.framework/Versions/A/DeviceIdentity 
[518] F8BEF0D0-FA60-360E-AC1D-FF1466BA91D9 0x00000001ab8a7000 /System/Library/PrivateFrameworks/MultiverseSupport.framework/Versions/A/MultiverseSupport 
[519] C85B3AD2-3727-36E2-9CCB-298C138E44A2 0x00000001b04e7000 /System/Library/PrivateFrameworks/DiskManagement.framework/Versions/A/DiskManagement 
[520] 5DADB2A3-2834-36E5-A6BA-3AAA63BD6865 0x00000001b03f3000 /System/Library/PrivateFrameworks/AppleIDAuthSupport.framework/Versions/A/AppleIDAuthSupport 
[521] 0A3EE7D7-5761-35FD-82D2-8ADA72D86F24 0x00000001abdab000 /System/Library/PrivateFrameworks/KeychainCircle.framework/Versions/A/KeychainCircle 
[522] 03D3E09E-D206-3639-A0D6-BB358743FAB1 0x00000001bc385000 /System/Library/PrivateFrameworks/URLFormatting.framework/Versions/A/URLFormatting 
[523] 87EE935B-C568-3347-A752-433885570CF3 0x00000001b31ad000 /usr/lib/libcsfde.dylib 
[524] B91BECA7-D86D-335C-A7CB-C3387A0F5C5C 0x00000001a9589000 /usr/lib/libCoreStorage.dylib 
[525] 0EDE0239-A83C-313B-AF6E-AE1EB1DF2E62 0x00000001ad15c000 /System/Library/PrivateFrameworks/ProtectedCloudStorage.framework/Versions/A/ProtectedCloudStorage 
[526] 0B23CF68-0F60-36E1-9A17-CCFE9FF84CE8 0x00000001b31a8000 /System/Library/PrivateFrameworks/EFILogin.framework/Versions/A/EFILogin 
[527] 1918D010-5E51-3A41-BB54-237D486A0E9F 0x00000001bb125000 /System/Library/PrivateFrameworks/CloudServices.framework/Versions/A/CloudServices 
[528] 4E6008D4-861C-3A58-965C-297B8A8C8B22 0x00000001b07f9000 /System/Library/PrivateFrameworks/OctagonTrust.framework/Versions/A/OctagonTrust 
[529] 5BD9B67B-486D-34CC-B299-D5C7B6526FCC 0x00000001ceaf4000 /usr/lib/swift/libswiftCompression.dylib 
[530] CB54D1C3-A967-39A0-9EF6-D8794C2DFA74 0x00000001af782000 /System/Library/Frameworks/Vision.framework/Versions/A/Vision 
[531] C9A1283F-BA1F-31CD-88F2-A5D58F23FF61 0x00000002465e2000 /System/Library/PrivateFrameworks/CoreSceneUnderstanding.framework/Versions/A/CoreSceneUnderstanding 
[532] 2D3D41F4-A989-39E5-914F-B417BEE1B16F 0x0000000270c54000 /System/Library/PrivateFrameworks/VisionCore.framework/Versions/A/VisionCore 
[533] C26C4217-2895-32F2-8B8D-5392839F2F15 0x00000001ca803000 /System/Library/Frameworks/Vision.framework/libfaceCore.dylib 
[534] 364908F0-E3E8-3EDC-BDB7-D78430FE8E93 0x00000001cb2aa000 /System/Library/PrivateFrameworks/Futhark.framework/Versions/A/Futhark 
[535] 7A30937E-E51F-38AF-A448-30730C7B148E 0x00000001ce8bb000 /System/Library/PrivateFrameworks/InertiaCam.framework/Versions/A/InertiaCam 
[536] E47A116A-78A6-3EB8-852F-FFDAD2208947 0x00000001cb08c000 /System/Library/PrivateFrameworks/TextRecognition.framework/Versions/A/TextRecognition 
[537] 877DBEC9-C8DA-361E-BEB2-3BC7314C06C4 0x00000001a9415000 /System/Library/PrivateFrameworks/CVNLP.framework/Versions/A/CVNLP 
[538] C59C668B-6EB9-38AD-9AF1-DA8100D2E76E 0x00000001c8095000 /usr/lib/swift/libswiftCoreLocation.dylib 
[539] B9104069-0F14-3BF8-882B-1145D90AD08B 0x00000001acc94000 /System/Library/PrivateFrameworks/Sharing.framework/Versions/A/Sharing 
[540] 8673B9A7-62E0-3E96-A19F-9BAB5CC123E5 0x00000001b2ba6000 /System/Library/PrivateFrameworks/Apple80211.framework/Versions/A/Apple80211 
[541] 3716DD76-0F08-3CE4-BE98-2BAE0D37E3A3 0x00000001a6e48000 /System/Library/Frameworks/CoreWLAN.framework/Versions/A/CoreWLAN 
[542] D97E56AE-BF4B-3DBF-9323-F0B1FE96D23E 0x000000019f60e000 /System/Library/PrivateFrameworks/CoreDuet.framework/Versions/A/CoreDuet 
[543] 97B8E19B-5264-3857-8B79-71EFED0067AA 0x00000001b2526000 /System/Library/PrivateFrameworks/CoreDuetContext.framework/Versions/A/CoreDuetContext 
[544] 83270D94-7550-37DD-A456-024F51C35B78 0x00000001a36a0000 /System/Library/Frameworks/CloudKit.framework/Versions/A/CloudKit 
[545] C2C8F9E0-4BCA-3BF7-AB4B-2C271E439900 0x00000001b257b000 /System/Library/Frameworks/Intents.framework/Versions/A/Intents 
[546] F5AE6B8A-9556-394E-84E9-9A3FB00FF0DE 0x00000001b4bed000 /System/Library/PrivateFrameworks/CoreDuetDaemonProtocol.framework/Versions/A/CoreDuetDaemonProtocol 
[547] E51A63E4-89C7-3D29-8D95-A3F7377185E9 0x00000001fd5a2000 /System/Library/Frameworks/SharedWithYouCore.framework/Versions/A/SharedWithYouCore 
[548] 1CD13E19-FD28-3EAB-8AF6-27359592249F 0x00000001b3ae9000 /System/Library/PrivateFrameworks/C2.framework/Versions/A/C2 
[549] 713DDEBF-B819-306C-9D5C-5FE435C49CA0 0x00000002423d5000 /System/Library/PrivateFrameworks/CloudAssets.framework/Versions/A/CloudAssets 
[550] F2D6F18B-955E-3D57-8C65-B51C8C1BD5B1 0x00000001b3ae0000 /System/Library/Frameworks/PushKit.framework/Versions/A/PushKit 
[551] EC5D43CA-B32D-3AE4-A165-86FFBD897F19 0x00000001b58af000 /System/Library/PrivateFrameworks/RTCReporting.framework/Versions/A/RTCReporting 
[552] E7CBB418-2E36-3CBD-8901-72C581D57CDE 0x00000001b3acf000 /System/Library/PrivateFrameworks/IntentsFoundation.framework/Versions/A/IntentsFoundation 
[553] 13E42767-FCE4-3966-BBE4-D2DF3D7E19BD 0x0000000104628000 /Users/tkgmac/Documents/SBY_OST_Tool.app/Contents/Frameworks/PySide6/QtCore.abi3.so 
[554] CF405F1D-ACF2-3868-9C70-F7A09490C682 0x00000001036a0000 /Users/tkgmac/Documents/SBY_OST_Tool.app/Contents/Frameworks/libpyside6.abi3.6.7.dylib 
[555] 36D433B3-6671-3D70-B539-A559950FBB64 0x0000000104c54000 /Users/tkgmac/Documents/SBY_OST_Tool.app/Contents/Frameworks/QtCore 
[556] 7A79A7E8-C49C-3774-8FC8-C603022F39D4 0x00000001b56d6000 /System/Library/Frameworks/EventKit.framework/Versions/A/EventKit 
[557] F3815448-1B5A-3009-8576-240530D8E556 0x00000001b0228000 /System/Library/PrivateFrameworks/FamilyCircle.framework/Versions/A/FamilyCircle 
[558] AEE6ECF3-928A-3F71-81AE-2BE3E2AEF21F 0x00000002418ab000 /System/Library/PrivateFrameworks/CalendarDatabase.framework/Versions/A/CalendarDatabase 
[559] FC3EDB3C-4CEA-3EFE-B527-68384735C911 0x0000000241800000 /System/Library/PrivateFrameworks/CalendarDaemon.framework/Versions/A/CalendarDaemon 
[560] D4C9E7F6-C2BC-3986-9B99-A120BE5805CD 0x00000001b4b59000 /System/Library/PrivateFrameworks/CalendarFoundation.framework/Versions/A/CalendarFoundation 
[561] 10BD5FDD-18C7-3FBF-BDB8-0E3D044EA58D 0x00000001b4b15000 /System/Library/PrivateFrameworks/iCalendar.framework/Versions/A/iCalendar 
[562] 400E20D9-B056-3DEE-BBDE-EC8590067DAF 0x00000001afff3000 /System/Library/Frameworks/Contacts.framework/Versions/A/Contacts 
[563] 8EFA941F-24FA-3515-844B-A2AF8B044595 0x0000000246c1f000 /System/Library/PrivateFrameworks/DataAccessExpress.framework/Versions/A/DataAccessExpress 
[564] 28AE3FE5-0310-30C8-8E44-D8EAB5BDB25D 0x00000001a7b5a000 /System/Library/Frameworks/CoreSpotlight.framework/Versions/A/CoreSpotlight 
[565] B42C9FEB-3809-3E7D-9C6E-D41E55EA3D52 0x00000001c2269000 /usr/lib/swift/libswiftIntents.dylib 
[566] C02DD052-8E74-3281-8C20-DD6E570DF47A 0x0000000240179000 /System/Library/PrivateFrameworks/BackgroundSystemTasks.framework/Versions/A/BackgroundSystemTasks 
[567] CD30967D-9FC2-3253-A002-A8514E38F8F5 0x00000001ab954000 /System/Library/PrivateFrameworks/CoreFollowUp.framework/Versions/A/CoreFollowUp 
[568] 315DD7D4-A1F0-3367-AE4C-D80F97829D6A 0x00000001c8abb000 /System/Library/PrivateFrameworks/FTClientServices.framework/Versions/A/FTClientServices 
[569] 878A8AB3-A36D-32C0-B7E7-47E37E42BCE1 0x00000001afe11000 /System/Library/PrivateFrameworks/ContactsPersistence.framework/Versions/A/ContactsPersistence 
[570] 6F0BE9C0-9D2A-3B93-97B2-B4D18B107CC3 0x00000001af023000 /System/Library/PrivateFrameworks/AppleLDAP.framework/Versions/A/AppleLDAP 
[571] 6E9A48C8-20B3-3E2C-9B69-841CD173F315 0x00000001b354b000 /System/Library/Frameworks/ClassKit.framework/Versions/A/ClassKit 
[572] E3AF7174-CEDE-3C5A-9874-DFBEEDC64015 0x00000001b5612000 /System/Library/PrivateFrameworks/CoreSuggestions.framework/Versions/A/CoreSuggestions 
[573] 977E4DB4-997B-37EE-B749-F746E1707EF3 0x00000001afd44000 /System/Library/PrivateFrameworks/ContactsFoundation.framework/Versions/A/ContactsFoundation 
[574] E84D97C7-E4D7-327E-BA58-AAE143DB88CB 0x00000001b12a1000 /System/Library/PrivateFrameworks/vCard.framework/Versions/A/vCard 
[575] 4990B386-A2D7-31F1-84C5-646E9BA0F071 0x00000002431e7000 /System/Library/PrivateFrameworks/ContactsMetrics.framework/Versions/A/ContactsMetrics 
[576] B2DEC0BC-FE8B-3F61-8C74-EBD90B6B465A 0x00000001a995d000 /System/Library/PrivateFrameworks/login.framework/Versions/A/login 
[577] CEFBDB95-CA27-316C-B8B0-7F251F64CE20 0x00000001a3a54000 /System/Library/PrivateFrameworks/CloudDocs.framework/Versions/A/CloudDocs 
[578] 856559D0-450E-3F0F-9554-32D7CA03C7C2 0x00000001bb6d4000 /System/Library/PrivateFrameworks/CoreDAV.framework/Versions/A/CoreDAV 
[579] FFD0EF6B-06CA-375D-A46B-6DBF7C754CC9 0x00000001b55b4000 /System/Library/PrivateFrameworks/CalDAV.framework/Versions/A/CalDAV 
[580] 2125383F-6073-31FA-B645-34053C415620 0x00000001bf7d7000 /System/Library/PrivateFrameworks/TelephonyUtilities.framework/Versions/A/TelephonyUtilities 
[581] F0B9ACB0-BC03-3820-85DC-979A406E7428 0x00000001c36eb000 /System/Library/Frameworks/CallKit.framework/Versions/A/CallKit 
[582] DF52F532-D117-3E30-AE8B-D6A9B51FD3D3 0x00000001b0222000 /System/Library/PrivateFrameworks/CommunicationsFilter.framework/Versions/A/CommunicationsFilter 
[583] 3E1C5A7A-E3B0-37B8-8A68-210CFB275D7D 0x00000001e9a5d000 /System/Library/PrivateFrameworks/IMTransferServices.framework/Versions/A/IMTransferServices 
[584] 0DD33519-5958-3661-8E35-99343B0A7ABB 0x00000001c1d31000 /System/Library/PrivateFrameworks/IncomingCallFilter.framework/Versions/A/IncomingCallFilter 
[585] 54BFA6AB-8008-3610-ADEB-36498C8B61C3 0x000000025a1a3000 /System/Library/PrivateFrameworks/NeighborhoodActivityConduit.framework/Versions/A/NeighborhoodActivityConduit 
[586] 4D3E2E38-C6C5-376D-B3CD-6A9D2A7D6824 0x0000000279d0c000 /usr/lib/libBASupport.dylib 
[587] 35176706-5B18-3AD6-9D2E-A05512A57CAB 0x00000001cee6d000 /System/Library/PrivateFrameworks/SpotlightReceiver.framework/Versions/A/SpotlightReceiver 
[588] FB85321B-0FA8-3ACE-941C-ABEF6C37FF36 0x0000000103638000 /System/Library/Frameworks/Security.framework/Versions/A/PlugIns/csparser.bundle/Contents/MacOS/csparser 
[589] 4FB7C3A9-E46C-36FA-A3A1-AB23E116A6E9 0x0000000104004000 /Users/tkgmac/Documents/SBY_OST_Tool.app/Contents/Frameworks/lib-dynload/_pickle.cpython-312-darwin.so 
[590] B6BA59B9-6B87-3760-B4AE-E42DE771EA9C 0x0000000104130000 /Users/tkgmac/Documents/SBY_OST_Tool.app/Contents/Frameworks/lib-dynload/_socket.cpython-312-darwin.so 
[591] 11C3D88B-3AE7-3FF5-972C-CE3AF3352BA8 0x0000000103674000 /Users/tkgmac/Documents/SBY_OST_Tool.app/Contents/Frameworks/lib-dynload/select.cpython-312-darwin.so 
[592] 5894F67D-C88F-3A26-B826-D1AB1296FA99 0x0000000104174000 /Users/tkgmac/Documents/SBY_OST_Tool.app/Contents/Frameworks/lib-dynload/array.cpython-312-darwin.so 
[593] 6D487EFF-2806-3E3E-B9CD-DFC163F7742E 0x000000010368c000 /Users/tkgmac/Documents/SBY_OST_Tool.app/Contents/Frameworks/lib-dynload/fcntl.cpython-312-darwin.so 
[594] 3588D723-6A8F-3C99-9DEE-EEBE4DCE2303 0x0000000104154000 /Users/tkgmac/Documents/SBY_OST_Tool.app/Contents/Frameworks/lib-dynload/_posixsubprocess.cpython-312-darwin.so 
[595] B15899AF-81F3-3820-9493-5A7F79E9D2CF 0x0000000104194000 /Users/tkgmac/Documents/SBY_OST_Tool.app/Contents/Frameworks/lib-dynload/_json.cpython-312-darwin.so 
[596] 0565572D-4112-383C-8F3E-EF7EF74786E4 0x0000000104210000 /Users/tkgmac/Documents/SBY_OST_Tool.app/Contents/Frameworks/lib-dynload/_decimal.cpython-312-darwin.so 
[597] 68CD0F01-A7F3-36FF-B9F3-020ABBD8208F 0x000000010445c000 /Users/tkgmac/Documents/SBY_OST_Tool.app/Contents/Frameworks/PySide6/QtQml.abi3.so 
[598] 6BA0B02E-460F-3695-A099-52D047A4F262 0x00000001041d8000 /Users/tkgmac/Documents/SBY_OST_Tool.app/Contents/Frameworks/libpyside6qml.abi3.6.7.dylib 
[599] B8E1BBF6-CBE7-3687-9149-8E1BB9F9039D 0x0000000105640000 /Users/tkgmac/Documents/SBY_OST_Tool.app/Contents/Frameworks/QtQml 
[600] 441C48BF-0071-3EB6-B856-5E7BA17FB8E1 0x0000000105360000 /Users/tkgmac/Documents/SBY_OST_Tool.app/Contents/Frameworks/QtNetwork 
[601] A92FAEB1-FD3E-37BA-AC8B-6595A545F0EC 0x0000000105c90000 /Users/tkgmac/Documents/SBY_OST_Tool.app/Contents/Frameworks/PySide6/QtNetwork.abi3.so 
[602] 8F5F30DC-53D6-3E34-8153-B2D55DF7EE74 0x00000001069b8000 /Users/tkgmac/Documents/SBY_OST_Tool.app/Contents/Frameworks/PySide6/QtWidgets.abi3.so 
[603] 45CAFAAB-5D55-3C78-8832-7F3EF039A017 0x0000000107510000 /Users/tkgmac/Documents/SBY_OST_Tool.app/Contents/Frameworks/QtWidgets 
[604] 6319E5B4-CC0B-3B41-A5FE-D6DE1F323BC9 0x0000000107ae0000 /Users/tkgmac/Documents/SBY_OST_Tool.app/Contents/Frameworks/QtGui 
[605] 68BB128C-D7F2-3FBE-B35E-B3EA9EFACF90 0x0000000104544000 /Users/tkgmac/Documents/SBY_OST_Tool.app/Contents/Frameworks/QtDBus 
[606] E544159A-8F50-3605-8E3B-CCB6EA0E9B41 0x00000001f75d1000 /System/Library/Frameworks/AGL.framework/Versions/A/AGL 
[607] 367F2E2F-4581-3C07-B156-92818DEC52D7 0x000000010826c000 /Users/tkgmac/Documents/SBY_OST_Tool.app/Contents/Frameworks/PySide6/QtGui.abi3.so 
[608] B0329B34-32C6-3EAC-B164-CE66A1702A9E 0x0000000104374000 /Users/tkgmac/Documents/SBY_OST_Tool.app/Contents/Frameworks/lib-dynload/_datetime.cpython-312-darwin.so 
[609] 24E1E52E-027B-3F8F-B02A-288279FCD6D8 0x0000000105aa8000 /Users/tkgmac/Documents/SBY_OST_Tool.app/Contents/Resources/PySide6/Qt/plugins/platforms/libqcocoa.dylib 
[610] 1042C2A9-B2D5-3CED-A402-0082B75874CE 0x00000001a330f000 /System/Library/PrivateFrameworks/ViewBridge.framework/Versions/A/ViewBridge 
[611] 90C28517-5D1A-3298-8346-646F01735718 0x00000001c807a000 /System/Library/Frameworks/Accelerate.framework/Versions/A/Frameworks/vImage.framework/Versions/A/Libraries/libCGInterfaces.dylib 
[612] 8F9CBCC6-87F7-3528-A266-A333677509FE 0x00000001052d8000 /Users/tkgmac/Documents/SBY_OST_Tool.app/Contents/Resources/PySide6/Qt/plugins/styles/libqmacstyle.dylib 
[613] 7016D1AF-7056-3787-8937-1AF22FE1C883 0x000000010440c000 /Users/tkgmac/Documents/SBY_OST_Tool.app/Contents/Resources/PySide6/Qt/plugins/imageformats/libqgif.dylib 
[614] 0BB6602F-BB41-3A7A-A321-0A58C563A796 0x0000000104424000 /Users/tkgmac/Documents/SBY_OST_Tool.app/Contents/Resources/PySide6/Qt/plugins/imageformats/libqwbmp.dylib 
[615] AFB09F29-C1C6-3F4A-B548-4FF410A78BED 0x0000000105568000 /Users/tkgmac/Documents/SBY_OST_Tool.app/Contents/Resources/PySide6/Qt/plugins/imageformats/libqwebp.dylib 
[616] D6B39361-793F-3A6B-BB70-7CDB7BC6C2DC 0x000000010443c000 /Users/tkgmac/Documents/SBY_OST_Tool.app/Contents/Resources/PySide6/Qt/plugins/imageformats/libqico.dylib 
[617] 554C616B-74BB-3AAD-9311-4BFDBB6152B9 0x00000001045ec000 /Users/tkgmac/Documents/SBY_OST_Tool.app/Contents/Resources/PySide6/Qt/plugins/imageformats/libqmacheif.dylib 
[618] 75B7E39B-8026-35AC-A427-9C01D4530D18 0x00000001cb397000 /System/Library/CoreServices/RawCamera.bundle/Contents/MacOS/RawCamera 
[619] F3415F27-B091-3B92-8816-8AE9987FECEC 0x0000000105b88000 /Users/tkgmac/Documents/SBY_OST_Tool.app/Contents/Resources/PySide6/Qt/plugins/imageformats/libqjpeg.dylib 
[620] 237646A6-00B4-3BE3-9FC3-9844626F6FDC 0x0000000105c04000 /Users/tkgmac/Documents/SBY_OST_Tool.app/Contents/Resources/PySide6/Qt/plugins/imageformats/libqtiff.dylib 
[621] B3999C49-94D9-387D-8813-653D62C9BF4B 0x0000000104604000 /Users/tkgmac/Documents/SBY_OST_Tool.app/Contents/Resources/PySide6/Qt/plugins/imageformats/libqsvg.dylib 
[622] 8AB904AC-9E21-34F4-91A2-29C710D87496 0x0000000106948000 /Users/tkgmac/Documents/SBY_OST_Tool.app/Contents/Resources/QtSvg 
[623] 412C12A2-2787-3A4F-A5BD-3F787B904DBE 0x0000000105318000 /Users/tkgmac/Documents/SBY_OST_Tool.app/Contents/Resources/PySide6/Qt/plugins/imageformats/libqpdf.dylib 
[624] D0BE1CE6-5EFC-37A8-90FB-EA9A96F28C44 0x000000010a99c000 /Users/tkgmac/Documents/SBY_OST_Tool.app/Contents/Resources/QtPdf 
[625] 06500557-4537-3752-875B-707C9AD93BEC 0x0000000105330000 /Users/tkgmac/Documents/SBY_OST_Tool.app/Contents/Resources/PySide6/Qt/plugins/imageformats/libqicns.dylib 
[626] F42378CF-C9C9-36B0-9C4C-5866DC40FF86 0x0000000105348000 /Users/tkgmac/Documents/SBY_OST_Tool.app/Contents/Resources/PySide6/Qt/plugins/imageformats/libqtga.dylib 
[627] BAB7EE3D-CE5E-37D6-8D6E-F552AEA36391 0x00000001054e8000 /Users/tkgmac/Documents/SBY_OST_Tool.app/Contents/Resources/PySide6/Qt/plugins/imageformats/libqmacjp2.dylib 
(lldb) 
